Archive member included to satisfy reference by file (symbol)

/usr/share/arm-gnu-toolchain-13.3.rel1-x86_64-arm-none-eabi/bin/../lib/gcc/arm-none-eabi/13.3.1/../../../../arm-none-eabi/lib/thumb/v7e-m/nofp/libc_nano.a(libc_a-exit.o)
                              /usr/share/arm-gnu-toolchain-13.3.rel1-x86_64-arm-none-eabi/bin/../lib/gcc/arm-none-eabi/13.3.1/../../../../arm-none-eabi/lib/thumb/v7e-m/nofp/crt0.o (exit)
/usr/share/arm-gnu-toolchain-13.3.rel1-x86_64-arm-none-eabi/bin/../lib/gcc/arm-none-eabi/13.3.1/../../../../arm-none-eabi/lib/thumb/v7e-m/nofp/libc_nano.a(libc_a-errno.o)
                              build/config/sysmem.o (__errno)
/usr/share/arm-gnu-toolchain-13.3.rel1-x86_64-arm-none-eabi/bin/../lib/gcc/arm-none-eabi/13.3.1/../../../../arm-none-eabi/lib/thumb/v7e-m/nofp/libc_nano.a(libc_a-init.o)
                              /usr/share/arm-gnu-toolchain-13.3.rel1-x86_64-arm-none-eabi/bin/../lib/gcc/arm-none-eabi/13.3.1/../../../../arm-none-eabi/lib/thumb/v7e-m/nofp/crt0.o (__libc_init_array)
/usr/share/arm-gnu-toolchain-13.3.rel1-x86_64-arm-none-eabi/bin/../lib/gcc/arm-none-eabi/13.3.1/../../../../arm-none-eabi/lib/thumb/v7e-m/nofp/libc_nano.a(libc_a-printf.o)
                              build/config/main.o (printf)
/usr/share/arm-gnu-toolchain-13.3.rel1-x86_64-arm-none-eabi/bin/../lib/gcc/arm-none-eabi/13.3.1/../../../../arm-none-eabi/lib/thumb/v7e-m/nofp/libc_nano.a(libc_a-nano-vfprintf.o)
                              /usr/share/arm-gnu-toolchain-13.3.rel1-x86_64-arm-none-eabi/bin/../lib/gcc/arm-none-eabi/13.3.1/../../../../arm-none-eabi/lib/thumb/v7e-m/nofp/libc_nano.a(libc_a-printf.o) (_vfprintf_r)
/usr/share/arm-gnu-toolchain-13.3.rel1-x86_64-arm-none-eabi/bin/../lib/gcc/arm-none-eabi/13.3.1/../../../../arm-none-eabi/lib/thumb/v7e-m/nofp/libc_nano.a(libc_a-memset.o)
                              /usr/share/arm-gnu-toolchain-13.3.rel1-x86_64-arm-none-eabi/bin/../lib/gcc/arm-none-eabi/13.3.1/../../../../arm-none-eabi/lib/thumb/v7e-m/nofp/crt0.o (memset)
/usr/share/arm-gnu-toolchain-13.3.rel1-x86_64-arm-none-eabi/bin/../lib/gcc/arm-none-eabi/13.3.1/../../../../arm-none-eabi/lib/thumb/v7e-m/nofp/libc_nano.a(libc_a-wsetup.o)
                              /usr/share/arm-gnu-toolchain-13.3.rel1-x86_64-arm-none-eabi/bin/../lib/gcc/arm-none-eabi/13.3.1/../../../../arm-none-eabi/lib/thumb/v7e-m/nofp/libc_nano.a(libc_a-nano-vfprintf.o) (__swsetup_r)
/usr/share/arm-gnu-toolchain-13.3.rel1-x86_64-arm-none-eabi/bin/../lib/gcc/arm-none-eabi/13.3.1/../../../../arm-none-eabi/lib/thumb/v7e-m/nofp/libc_nano.a(libc_a-lock.o)
                              /usr/share/arm-gnu-toolchain-13.3.rel1-x86_64-arm-none-eabi/bin/../lib/gcc/arm-none-eabi/13.3.1/../../../../arm-none-eabi/lib/thumb/v7e-m/nofp/libc_nano.a(libc_a-nano-vfprintf.o) (__retarget_lock_acquire_recursive)
/usr/share/arm-gnu-toolchain-13.3.rel1-x86_64-arm-none-eabi/bin/../lib/gcc/arm-none-eabi/13.3.1/../../../../arm-none-eabi/lib/thumb/v7e-m/nofp/libc_nano.a(libc_a-nano-vfprintf_i.o)
                              /usr/share/arm-gnu-toolchain-13.3.rel1-x86_64-arm-none-eabi/bin/../lib/gcc/arm-none-eabi/13.3.1/../../../../arm-none-eabi/lib/thumb/v7e-m/nofp/libc_nano.a(libc_a-nano-vfprintf.o) (_printf_i)
/usr/share/arm-gnu-toolchain-13.3.rel1-x86_64-arm-none-eabi/bin/../lib/gcc/arm-none-eabi/13.3.1/../../../../arm-none-eabi/lib/thumb/v7e-m/nofp/libc_nano.a(libc_a-impure.o)
                              /usr/share/arm-gnu-toolchain-13.3.rel1-x86_64-arm-none-eabi/bin/../lib/gcc/arm-none-eabi/13.3.1/../../../../arm-none-eabi/lib/thumb/v7e-m/nofp/libc_nano.a(libc_a-errno.o) (_impure_ptr)
/usr/share/arm-gnu-toolchain-13.3.rel1-x86_64-arm-none-eabi/bin/../lib/gcc/arm-none-eabi/13.3.1/../../../../arm-none-eabi/lib/thumb/v7e-m/nofp/libc_nano.a(libc_a-memchr.o)
                              /usr/share/arm-gnu-toolchain-13.3.rel1-x86_64-arm-none-eabi/bin/../lib/gcc/arm-none-eabi/13.3.1/../../../../arm-none-eabi/lib/thumb/v7e-m/nofp/libc_nano.a(libc_a-nano-vfprintf.o) (memchr)
/usr/share/arm-gnu-toolchain-13.3.rel1-x86_64-arm-none-eabi/bin/../lib/gcc/arm-none-eabi/13.3.1/../../../../arm-none-eabi/lib/thumb/v7e-m/nofp/libc_nano.a(libc_a-findfp.o)
                              /usr/share/arm-gnu-toolchain-13.3.rel1-x86_64-arm-none-eabi/bin/../lib/gcc/arm-none-eabi/13.3.1/../../../../arm-none-eabi/lib/thumb/v7e-m/nofp/libc_nano.a(libc_a-exit.o) (__stdio_exit_handler)
/usr/share/arm-gnu-toolchain-13.3.rel1-x86_64-arm-none-eabi/bin/../lib/gcc/arm-none-eabi/13.3.1/../../../../arm-none-eabi/lib/thumb/v7e-m/nofp/libc_nano.a(libc_a-stdio.o)
                              /usr/share/arm-gnu-toolchain-13.3.rel1-x86_64-arm-none-eabi/bin/../lib/gcc/arm-none-eabi/13.3.1/../../../../arm-none-eabi/lib/thumb/v7e-m/nofp/libc_nano.a(libc_a-findfp.o) (__sread)
/usr/share/arm-gnu-toolchain-13.3.rel1-x86_64-arm-none-eabi/bin/../lib/gcc/arm-none-eabi/13.3.1/../../../../arm-none-eabi/lib/thumb/v7e-m/nofp/libc_nano.a(libc_a-lseekr.o)
[...]
Memory Configuration

Name             Origin             Length             Attributes
ROM              0x08000000         0x00040000         xr
RAM1             0x20000000         0x00008000         xrw
RAM2             0x20008000         0x00008000         xrw
*default*        0x00000000         0xffffffff

Linker script and memory map

LOAD /usr/share/arm-gnu-toolchain-13.3.rel1-x86_64-arm-none-eabi/bin/../lib/gcc/arm-none-eabi/13.3.1/thumb/v7e-m/nofp/crti.o
LOAD /usr/share/arm-gnu-toolchain-13.3.rel1-x86_64-arm-none-eabi/bin/../lib/gcc/arm-none-eabi/13.3.1/thumb/v7e-m/nofp/crtbegin.o
LOAD /usr/share/arm-gnu-toolchain-13.3.rel1-x86_64-arm-none-eabi/bin/../lib/gcc/arm-none-eabi/13.3.1/../../../../arm-none-eabi/lib/thumb/v7e-m/nofp/crt0.o
LOAD build/config/init.o
LOAD build/config/main.o
LOAD build/config/stm32wlxx_it.o
LOAD build/config/stm32wlxx_hal_msp.o
LOAD build/config/stm32wlxx_hal_rcc.o
LOAD build/config/stm32wlxx_hal_rcc_ex.o
LOAD build/config/stm32wlxx_hal_flash.o
LOAD build/config/stm32wlxx_hal_flash_ex.o
LOAD build/config/stm32wlxx_hal_gpio.o
LOAD build/config/stm32wlxx_hal_dma.o
LOAD build/config/stm32wlxx_hal_dma_ex.o
LOAD build/config/stm32wlxx_hal_pwr.o
LOAD build/config/stm32wlxx_hal_pwr_ex.o
LOAD build/config/stm32wlxx_hal_cortex.o
LOAD build/config/stm32wlxx_hal.o
LOAD build/config/stm32wlxx_hal_exti.o
LOAD build/config/stm32wlxx_hal_spi.o
LOAD build/config/stm32wlxx_hal_spi_ex.o
LOAD build/config/stm32wlxx_hal_subghz.o
LOAD build/config/stm32wlxx_hal_tim.o
LOAD build/config/stm32wlxx_hal_tim_ex.o
LOAD build/config/stm32wlxx_hal_uart.o
LOAD build/config/stm32wlxx_hal_uart_ex.o
LOAD build/config/system_stm32wlxx.o
LOAD build/config/sysmem.o
LOAD build/config/syscalls.o
LOAD build/config/startup_stm32wle5xx.o
LOAD /usr/share/arm-gnu-toolchain-13.3.rel1-x86_64-arm-none-eabi/bin/../lib/gcc/arm-none-eabi/13.3.1/../../../../arm-none-eabi/lib/thumb/v7e-m/nofp/libc_nano.a
LOAD /usr/share/arm-gnu-toolchain-13.3.rel1-x86_64-arm-none-eabi/bin/../lib/gcc/arm-none-eabi/13.3.1/../../../../arm-none-eabi/lib/thumb/v7e-m/nofp/libm.a
LOAD /usr/share/arm-gnu-toolchain-13.3.rel1-x86_64-arm-none-eabi/bin/../lib/gcc/arm-none-eabi/13.3.1/../../../../arm-none-eabi/lib/thumb/v7e-m/nofp/libnosys.a
START GROUP
LOAD /usr/share/arm-gnu-toolchain-13.3.rel1-x86_64-arm-none-eabi/bin/../lib/gcc/arm-none-eabi/13.3.1/thumb/v7e-m/nofp/libgcc.a
LOAD /usr/share/arm-gnu-toolchain-13.3.rel1-x86_64-arm-none-eabi/bin/../lib/gcc/arm-none-eabi/13.3.1/../../../../arm-none-eabi/lib/thumb/v7e-m/nofp/libc_nano.a
END GROUP
START GROUP
LOAD /usr/share/arm-gnu-toolchain-13.3.rel1-x86_64-arm-none-eabi/bin/../lib/gcc/arm-none-eabi/13.3.1/thumb/v7e-m/nofp/libgcc.a
LOAD /usr/share/arm-gnu-toolchain-13.3.rel1-x86_64-arm-none-eabi/bin/../lib/gcc/arm-none-eabi/13.3.1/../../../../arm-none-eabi/lib/thumb/v7e-m/nofp/libc_nano.a
END GROUP
LOAD /usr/share/arm-gnu-toolchain-13.3.rel1-x86_64-arm-none-eabi/bin/../lib/gcc/arm-none-eabi/13.3.1/thumb/v7e-m/nofp/crtend.o
LOAD /usr/share/arm-gnu-toolchain-13.3.rel1-x86_64-arm-none-eabi/bin/../lib/gcc/arm-none-eabi/13.3.1/thumb/v7e-m/nofp/crtn.o
                0x20008000                        _estack = (ORIGIN (RAM1) + LENGTH (RAM1))
                0x00000200                        _Min_Heap_Size = 0x200
                0x00000400                        _Min_Stack_Size = 0x400

.isr_vector     0x08000000      0x138
                0x08000000                        . = ALIGN (0x8)
 *(.isr_vector)
 .isr_vector    0x08000000      0x138 build/config/startup_stm32wle5xx.o
                0x08000000                g_pfnVectors
                0x08000138                        . = ALIGN (0x8)

.text           0x08000140     0x39e0
                0x08000140                        . = ALIGN (0x8)
 *(.text)
 .text          0x08000140       0xa0 /usr/share/arm-gnu-toolchain-13.3.rel1-x86_64-arm-none-eabi/bin/../lib/gcc/arm-none-eabi/13.3.1/../../../../arm-none-eabi/lib/thumb/v7e-m/nofp/libc_nano.a(libc_a-memchr.o)
                0x08000140                memchr
 .text          0x080001e0       0x30 /usr/share/arm-gnu-toolchain-13.3.rel1-x86_64-arm-none-eabi/bin/../lib/gcc/arm-none-eabi/13.3.1/thumb/v7e-m/nofp/libgcc.a(_aeabi_uldivmod.o)
                0x080001e0                __aeabi_uldivmod
 .text          0x08000210        0x4 /usr/share/arm-gnu-toolchain-13.3.rel1-x86_64-arm-none-eabi/bin/../lib/gcc/arm-none-eabi/13.3.1/thumb/v7e-m/nofp/libgcc.a(_dvmd_tls.o)
                0x08000210                __aeabi_ldiv0
                0x08000210                __aeabi_idiv0
 *(.text*)
 .text.deregister_tm_clones
                0x08000214       0x1c /usr/share/arm-gnu-toolchain-13.3.rel1-x86_64-arm-none-eabi/bin/../lib/gcc/arm-none-eabi/13.3.1/thumb/v7e-m/nofp/crtbegin.o
 .text.register_tm_clones
                0x08000230       0x24 /usr/share/arm-gnu-toolchain-13.3.rel1-x86_64-arm-none-eabi/bin/../lib/gcc/arm-none-eabi/13.3.1/thumb/v7e-m/nofp/crtbegin.o
 .text.__do_global_dtors_aux
                0x08000254       0x28 /usr/share/arm-gnu-toolchain-13.3.rel1-x86_64-arm-none-eabi/bin/../lib/gcc/arm-none-eabi/13.3.1/thumb/v7e-m/nofp/crtbegin.o
 .text.frame_dummy
                0x0800027c       0x24 /usr/share/arm-gnu-toolchain-13.3.rel1-x86_64-arm-none-eabi/bin/../lib/gcc/arm-none-eabi/13.3.1/thumb/v7e-m/nofp/crtbegin.o
 .text.MX_GPIO_Init
                0x080002a0       0x98 build/config/init.o
 .text.Error_Handler
                0x08000338        0x4 build/config/init.o
                0x08000338                Error_Handler
 .text.MX_SPI1_Init
                0x0800033c       0x48 build/config/init.o
 .text.MX_SUBGHZ_Init
                0x08000384       0x18 build/config/init.o
 .text.MX_TIM2_Init
                0x0800039c       0xc4 build/config/init.o
 .text.MX_USART1_UART_Init
                0x08000460       0x60 build/config/init.o
 .text.SystemClock_Config
                0x080004c0       0x78 build/config/init.o
                0x080004c0                SystemClock_Config
 .text.init     0x08000538       0x22 build/config/init.o
                0x08000538                init
 *fill*         0x0800055a        0x2 
 .text.main     0x0800055c       0x3c build/config/main.o
                0x0800055c                main
 .text._write   0x08000598       0x18 build/config/main.o
                0x08000598                _write
 .text.NMI_Handler
                0x080005b0        0x2 build/config/stm32wlxx_it.o
                0x080005b0                NMI_Handler
 .text.HardFault_Handler
                0x080005b2        0x2 build/config/stm32wlxx_it.o
                0x080005b2                HardFault_Handler
 .text.MemManage_Handler
                0x080005b4        0x2 build/config/stm32wlxx_it.o
                0x080005b4                MemManage_Handler
 .text.BusFault_Handler
                0x080005b6        0x2 build/config/stm32wlxx_it.o
                0x080005b6                BusFault_Handler
 .text.UsageFault_Handler
                0x080005b8        0x2 build/config/stm32wlxx_it.o
                0x080005b8                UsageFault_Handler
 .text.SVC_Handler
                0x080005ba        0x2 build/config/stm32wlxx_it.o
                0x080005ba                SVC_Handler
 .text.DebugMon_Handler
                0x080005bc        0x2 build/config/stm32wlxx_it.o
                0x080005bc                DebugMon_Handler
 .text.PendSV_Handler
                0x080005be        0x2 build/config/stm32wlxx_it.o
                0x080005be                PendSV_Handler
 .text.SysTick_Handler
                0x080005c0        0x8 build/config/stm32wlxx_it.o
                0x080005c0                SysTick_Handler
 .text.HAL_MspInit
                0x080005c8        0x2 build/config/stm32wlxx_hal_msp.o
                0x080005c8                HAL_MspInit
 *fill*         0x080005ca        0x2 
 .text.HAL_SPI_MspInit
                0x080005cc       0x90 build/config/stm32wlxx_hal_msp.o
                0x080005cc                HAL_SPI_MspInit
 .text.HAL_SUBGHZ_MspInit
                0x0800065c       0x1c build/config/stm32wlxx_hal_msp.o
                0x0800065c                HAL_SUBGHZ_MspInit
 .text.HAL_TIM_Base_MspInit
                0x08000678       0x26 build/config/stm32wlxx_hal_msp.o
                0x08000678                HAL_TIM_Base_MspInit
 .text.HAL_TIM_MspPostInit
                0x0800069e       0x4c build/config/stm32wlxx_hal_msp.o
                0x0800069e                HAL_TIM_MspPostInit
 *fill*         0x080006ea        0x2 
 .text.HAL_UART_MspInit
                0x080006ec       0x8c build/config/stm32wlxx_hal_msp.o
                0x080006ec                HAL_UART_MspInit
 .text.RCC_SetFlashLatency
                0x08000778       0xbc build/config/stm32wlxx_hal_rcc.o
 .text.RCC_SetFlashLatencyFromMSIRange
                0x08000834       0x44 build/config/stm32wlxx_hal_rcc.o
 .text.HAL_RCC_GetSysClockFreq
                0x08000878      0x110 build/config/stm32wlxx_hal_rcc.o
                0x08000878                HAL_RCC_GetSysClockFreq
 .text.HAL_RCC_GetHCLKFreq
                0x08000988       0x20 build/config/stm32wlxx_hal_rcc.o
                0x08000988                HAL_RCC_GetHCLKFreq
 .text.HAL_RCC_OscConfig
                0x080009a8      0x664 build/config/stm32wlxx_hal_rcc.o
                0x080009a8                HAL_RCC_OscConfig
 .text.HAL_RCC_ClockConfig
                0x0800100c      0x224 build/config/stm32wlxx_hal_rcc.o
                0x0800100c                HAL_RCC_ClockConfig
 .text.HAL_RCC_GetPCLK1Freq
                0x08001230       0x20 build/config/stm32wlxx_hal_rcc.o
                0x08001230                HAL_RCC_GetPCLK1Freq
 .text.HAL_RCC_GetPCLK2Freq
                0x08001250       0x20 build/config/stm32wlxx_hal_rcc.o
                0x08001250                HAL_RCC_GetPCLK2Freq
 .text.LL_RCC_SetI2CClockSource
                0x08001270       0x20 build/config/stm32wlxx_hal_rcc_ex.o
 .text.HAL_RCCEx_PeriphCLKConfig
                0x08001290      0x244 build/config/stm32wlxx_hal_rcc_ex.o
                0x08001290                HAL_RCCEx_PeriphCLKConfig
 .text.HAL_GPIO_Init
                0x080014d4      0x1a4 build/config/stm32wlxx_hal_gpio.o
                0x080014d4                HAL_GPIO_Init
 .text.HAL_GPIO_WritePin
                0x08001678        0xa build/config/stm32wlxx_hal_gpio.o
                0x08001678                HAL_GPIO_WritePin
 *fill*         0x08001682        0x2 
 .text.HAL_PWR_EnableBkUpAccess
                0x08001684       0x10 build/config/stm32wlxx_hal_pwr.o
                0x08001684                HAL_PWR_EnableBkUpAccess
 .text.HAL_PWREx_GetVoltageRange
                0x08001694       0x10 build/config/stm32wlxx_hal_pwr_ex.o
                0x08001694                HAL_PWREx_GetVoltageRange
 .text.__NVIC_SetPriority
                0x080016a4       0x28 build/config/stm32wlxx_hal_cortex.o
 .text.NVIC_EncodePriority
                0x080016cc       0x3e build/config/stm32wlxx_hal_cortex.o
 *fill*         0x0800170a        0x2 
 .text.HAL_NVIC_SetPriorityGrouping
                0x0800170c       0x24 build/config/stm32wlxx_hal_cortex.o
                0x0800170c                HAL_NVIC_SetPriorityGrouping
 .text.HAL_NVIC_SetPriority
                0x08001730       0x20 build/config/stm32wlxx_hal_cortex.o
                0x08001730                HAL_NVIC_SetPriority
 .text.HAL_SYSTICK_Config
                0x08001750       0x28 build/config/stm32wlxx_hal_cortex.o
                0x08001750                HAL_SYSTICK_Config
 .text.HAL_InitTick
                0x08001778       0x50 build/config/stm32wlxx_hal.o
                0x08001778                HAL_InitTick
 .text.HAL_Init
                0x080017c8       0x2c build/config/stm32wlxx_hal.o
                0x080017c8                HAL_Init
 .text.HAL_IncTick
                0x080017f4       0x18 build/config/stm32wlxx_hal.o
                0x080017f4                HAL_IncTick
 .text.HAL_GetTick
                0x0800180c        0xc build/config/stm32wlxx_hal.o
                0x0800180c                HAL_GetTick
 .text.HAL_Delay
                0x08001818       0x28 build/config/stm32wlxx_hal.o
                0x08001818                HAL_Delay
 .text.HAL_SPI_Init
                0x08001840      0x126 build/config/stm32wlxx_hal_spi.o
                0x08001840                HAL_SPI_Init
 *fill*         0x08001966        0x2 
 .text.SUBGHZSPI_Init
                0x08001968       0x24 build/config/stm32wlxx_hal_subghz.o
                0x08001968                SUBGHZSPI_Init
 .text.HAL_SUBGHZ_Init
                0x0800198c       0xd4 build/config/stm32wlxx_hal_subghz.o
                0x0800198c                HAL_SUBGHZ_Init
 .text.TIM_OC1_SetConfig
                0x08001a60       0x80 build/config/stm32wlxx_hal_tim.o
 .text.TIM_OC3_SetConfig
                0x08001ae0       0x74 build/config/stm32wlxx_hal_tim.o
 .text.TIM_OC4_SetConfig
                0x08001b54       0x5c build/config/stm32wlxx_hal_tim.o
 .text.TIM_OC5_SetConfig
                0x08001bb0       0x58 build/config/stm32wlxx_hal_tim.o
 .text.TIM_OC6_SetConfig
                0x08001c08       0x5c build/config/stm32wlxx_hal_tim.o
 .text.TIM_TI1_ConfigInputStage
                0x08001c64       0x48 build/config/stm32wlxx_hal_tim.o
 .text.TIM_TI2_ConfigInputStage
                0x08001cac       0x3c build/config/stm32wlxx_hal_tim.o
 .text.TIM_ITRx_SetConfig
                0x08001ce8       0x14 build/config/stm32wlxx_hal_tim.o
 .text.HAL_TIM_PWM_MspInit
                0x08001cfc        0x2 build/config/stm32wlxx_hal_tim.o
                0x08001cfc                HAL_TIM_PWM_MspInit
 *fill*         0x08001cfe        0x2 
 .text.TIM_Base_SetConfig
                0x08001d00       0x78 build/config/stm32wlxx_hal_tim.o
                0x08001d00                TIM_Base_SetConfig
 .text.HAL_TIM_Base_Init
                0x08001d78       0x60 build/config/stm32wlxx_hal_tim.o
                0x08001d78                HAL_TIM_Base_Init
 .text.HAL_TIM_PWM_Init
                0x08001dd8       0x60 build/config/stm32wlxx_hal_tim.o
                0x08001dd8                HAL_TIM_PWM_Init
 .text.TIM_OC2_SetConfig
                0x08001e38       0x78 build/config/stm32wlxx_hal_tim.o
                0x08001e38                TIM_OC2_SetConfig
 .text.HAL_TIM_PWM_ConfigChannel
                0x08001eb0      0x13a build/config/stm32wlxx_hal_tim.o
                0x08001eb0                HAL_TIM_PWM_ConfigChannel
 .text.TIM_ETR_SetConfig
                0x08001fea       0x18 build/config/stm32wlxx_hal_tim.o
                0x08001fea                TIM_ETR_SetConfig
 *fill*         0x08002002        0x2 
 .text.HAL_TIM_ConfigClockSource
                0x08002004      0x100 build/config/stm32wlxx_hal_tim.o
                0x08002004                HAL_TIM_ConfigClockSource
 .text.HAL_TIMEx_MasterConfigSynchronization
                0x08002104       0x68 build/config/stm32wlxx_hal_tim_ex.o
                0x08002104                HAL_TIMEx_MasterConfigSynchronization
 .text.UART_EndRxTransfer
                0x0800216c       0x56 build/config/stm32wlxx_hal_uart.o
 *fill*         0x080021c2        0x2 
 .text.UART_SetConfig
                0x080021c4      0x2cc build/config/stm32wlxx_hal_uart.o
                0x080021c4                UART_SetConfig
 .text.UART_AdvFeatureConfig
                0x08002490       0xca build/config/stm32wlxx_hal_uart.o
                0x08002490                UART_AdvFeatureConfig
 .text.UART_WaitOnFlagUntilTimeout
                0x0800255a       0x9e build/config/stm32wlxx_hal_uart.o
                0x0800255a                UART_WaitOnFlagUntilTimeout
 .text.HAL_UART_Transmit
                0x080025f8       0xe2 build/config/stm32wlxx_hal_uart.o
                0x080025f8                HAL_UART_Transmit
 .text.UART_CheckIdleState
                0x080026da       0xca build/config/stm32wlxx_hal_uart.o
                0x080026da                UART_CheckIdleState
 .text.HAL_UART_Init
                0x080027a4       0x66 build/config/stm32wlxx_hal_uart.o
                0x080027a4                HAL_UART_Init
 *fill*         0x0800280a        0x2 
 .text.UARTEx_SetNbDataToProcess
                0x0800280c       0x4c build/config/stm32wlxx_hal_uart_ex.o
 .text.HAL_UARTEx_DisableFifoMode
                0x08002858       0x3e build/config/stm32wlxx_hal_uart_ex.o
                0x08002858                HAL_UARTEx_DisableFifoMode
 .text.HAL_UARTEx_SetTxFifoThreshold
                0x08002896       0x4a build/config/stm32wlxx_hal_uart_ex.o
                0x08002896                HAL_UARTEx_SetTxFifoThreshold
 .text.HAL_UARTEx_SetRxFifoThreshold
                0x080028e0       0x4a build/config/stm32wlxx_hal_uart_ex.o
                0x080028e0                HAL_UARTEx_SetRxFifoThreshold
 .text.SystemInit
                0x0800292a        0x2 build/config/system_stm32wlxx.o
                0x0800292a                SystemInit
 .text._sbrk    0x0800292c       0x48 build/config/sysmem.o
                0x0800292c                _sbrk
 .text._read    0x08002974       0x20 build/config/syscalls.o
                0x08002974                _read
 .text._close   0x08002994        0x6 build/config/syscalls.o
                0x08002994                _close
 .text._fstat   0x0800299a        0xa build/config/syscalls.o
                0x0800299a                _fstat
 .text._isatty  0x080029a4        0x4 build/config/syscalls.o
                0x080029a4                _isatty
 .text._lseek   0x080029a8        0x4 build/config/syscalls.o
                0x080029a8                _lseek
 .text.Reset_Handler
                0x080029ac       0x50 build/config/startup_stm32wle5xx.o
                0x080029ac                Reset_Handler
 .text.Default_Handler
                0x080029fc        0x2 build/config/startup_stm32wle5xx.o
                0x080029fc                RTC_Alarm_IRQHandler
                0x080029fc                EXTI2_IRQHandler
                0x080029fc                TIM1_CC_IRQHandler
                0x080029fc                EXTI3_IRQHandler
                0x080029fc                LPTIM2_IRQHandler
                0x080029fc                I2C3_ER_IRQHandler
                0x080029fc                LPTIM3_IRQHandler
                0x080029fc                EXTI0_IRQHandler
                0x080029fc                I2C2_EV_IRQHandler
                0x080029fc                TAMP_STAMP_LSECSS_SSRU_IRQHandler
                0x080029fc                SPI1_IRQHandler
                0x080029fc                DMA2_Channel2_IRQHandler
                0x080029fc                DMA1_Channel4_IRQHandler
                0x080029fc                PKA_IRQHandler
                0x080029fc                TIM17_IRQHandler
                0x080029fc                DMA1_Channel7_IRQHandler
                0x080029fc                SUBGHZSPI_IRQHandler
                0x080029fc                DMA2_Channel1_IRQHandler
                0x080029fc                I2C1_EV_IRQHandler
                0x080029fc                SUBGHZ_Radio_IRQHandler
                0x080029fc                DMAMUX1_OVR_IRQHandler
                0x080029fc                DMA1_Channel6_IRQHandler
                0x080029fc                TIM16_IRQHandler
                0x080029fc                DMA2_Channel4_IRQHandler
                0x080029fc                RCC_IRQHandler
                0x080029fc                TIM1_TRG_COM_IRQHandler
                0x080029fc                DMA1_Channel1_IRQHandler
                0x080029fc                Default_Handler
                0x080029fc                DMA2_Channel7_IRQHandler
                0x080029fc                EXTI15_10_IRQHandler
                0x080029fc                ADC_IRQHandler
                0x080029fc                I2C3_EV_IRQHandler
                0x080029fc                EXTI9_5_IRQHandler
                0x080029fc                RTC_WKUP_IRQHandler
                0x080029fc                PVD_PVM_IRQHandler
                0x080029fc                SPI2_IRQHandler
                0x080029fc                DMA2_Channel5_IRQHandler
                0x080029fc                DMA1_Channel5_IRQHandler
                0x080029fc                EXTI4_IRQHandler
                0x080029fc                RNG_IRQHandler
                0x080029fc                DMA1_Channel3_IRQHandler
                0x080029fc                COMP_IRQHandler
                0x080029fc                HSEM_IRQHandler
                0x080029fc                TIM1_UP_IRQHandler
                0x080029fc                WWDG_IRQHandler
                0x080029fc                LPUART1_IRQHandler
                0x080029fc                DMA2_Channel6_IRQHandler
                0x080029fc                TIM2_IRQHandler
                0x080029fc                TIM1_BRK_IRQHandler
                0x080029fc                DAC_IRQHandler
                0x080029fc                EXTI1_IRQHandler
                0x080029fc                AES_IRQHandler
                0x080029fc                USART2_IRQHandler
                0x080029fc                I2C2_ER_IRQHandler
                0x080029fc                DMA1_Channel2_IRQHandler
                0x080029fc                FLASH_IRQHandler
                0x080029fc                USART1_IRQHandler
                0x080029fc                I2C1_ER_IRQHandler
                0x080029fc                LPTIM1_IRQHandler
                0x080029fc                DMA2_Channel3_IRQHandler
 *fill*         0x080029fe        0x2 
 .text.__errno  0x08002a00        0xc /usr/share/arm-gnu-toolchain-13.3.rel1-x86_64-arm-none-eabi/bin/../lib/gcc/arm-none-eabi/13.3.1/../../../../arm-none-eabi/lib/thumb/v7e-m/nofp/libc_nano.a(libc_a-errno.o)
                0x08002a00                __errno
 .text.__libc_init_array
                0x08002a0c       0x48 /usr/share/arm-gnu-toolchain-13.3.rel1-x86_64-arm-none-eabi/bin/../lib/gcc/arm-none-eabi/13.3.1/../../../../arm-none-eabi/lib/thumb/v7e-m/nofp/libc_nano.a(libc_a-init.o)
                0x08002a0c                __libc_init_array
 .text.printf   0x08002a54       0x24 /usr/share/arm-gnu-toolchain-13.3.rel1-x86_64-arm-none-eabi/bin/../lib/gcc/arm-none-eabi/13.3.1/../../../../arm-none-eabi/lib/thumb/v7e-m/nofp/libc_nano.a(libc_a-printf.o)
                0x08002a54                printf
                0x08002a54                iprintf
 .text.__sfputc_r
                0x08002a78       0x2a /usr/share/arm-gnu-toolchain-13.3.rel1-x86_64-arm-none-eabi/bin/../lib/gcc/arm-none-eabi/13.3.1/../../../../arm-none-eabi/lib/thumb/v7e-m/nofp/libc_nano.a(libc_a-nano-vfprintf.o)
 .text.__sfputs_r
                0x08002aa2       0x24 /usr/share/arm-gnu-toolchain-13.3.rel1-x86_64-arm-none-eabi/bin/../lib/gcc/arm-none-eabi/13.3.1/../../../../arm-none-eabi/lib/thumb/v7e-m/nofp/libc_nano.a(libc_a-nano-vfprintf.o)
                0x08002aa2                __sfputs_r
 *fill*         0x08002ac6        0x2 
 .text._vfprintf_r
                0x08002ac8      0x230 /usr/share/arm-gnu-toolchain-13.3.rel1-x86_64-arm-none-eabi/bin/../lib/gcc/arm-none-eabi/13.3.1/../../../../arm-none-eabi/lib/thumb/v7e-m/nofp/libc_nano.a(libc_a-nano-vfprintf.o)
                0x08002ac8                _vfiprintf_r
                0x08002ac8                _vfprintf_r
 .text.memset   0x08002cf8       0x10 /usr/share/arm-gnu-toolchain-13.3.rel1-x86_64-arm-none-eabi/bin/../lib/gcc/arm-none-eabi/13.3.1/../../../../arm-none-eabi/lib/thumb/v7e-m/nofp/libc_nano.a(libc_a-memset.o)
                0x08002cf8                memset
 .text.__swsetup_r
                0x08002d08       0xac /usr/share/arm-gnu-toolchain-13.3.rel1-x86_64-arm-none-eabi/bin/../lib/gcc/arm-none-eabi/13.3.1/../../../../arm-none-eabi/lib/thumb/v7e-m/nofp/libc_nano.a(libc_a-wsetup.o)
                0x08002d08                __swsetup_r
 .text.__retarget_lock_init_recursive
                0x08002db4        0x2 /usr/share/arm-gnu-toolchain-13.3.rel1-x86_64-arm-none-eabi/bin/../lib/gcc/arm-none-eabi/13.3.1/../../../../arm-none-eabi/lib/thumb/v7e-m/nofp/libc_nano.a(libc_a-lock.o)
                0x08002db4                __retarget_lock_init_recursive
 .text.__retarget_lock_acquire_recursive
                0x08002db6        0x2 /usr/share/arm-gnu-toolchain-13.3.rel1-x86_64-arm-none-eabi/bin/../lib/gcc/arm-none-eabi/13.3.1/../../../../arm-none-eabi/lib/thumb/v7e-m/nofp/libc_nano.a(libc_a-lock.o)
                0x08002db6                __retarget_lock_acquire_recursive
 .text.__retarget_lock_release_recursive
                0x08002db8        0x2 /usr/share/arm-gnu-toolchain-13.3.rel1-x86_64-arm-none-eabi/bin/../lib/gcc/arm-none-eabi/13.3.1/../../../../arm-none-eabi/lib/thumb/v7e-m/nofp/libc_nano.a(libc_a-lock.o)
                0x08002db8                __retarget_lock_release_recursive
 .text._printf_common
                0x08002dba       0xda /usr/share/arm-gnu-toolchain-13.3.rel1-x86_64-arm-none-eabi/bin/../lib/gcc/arm-none-eabi/13.3.1/../../../../arm-none-eabi/lib/thumb/v7e-m/nofp/libc_nano.a(libc_a-nano-vfprintf_i.o)
                0x08002dba                _printf_common
 .text._printf_i
                0x08002e94      0x23c /usr/share/arm-gnu-toolchain-13.3.rel1-x86_64-arm-none-eabi/bin/../lib/gcc/arm-none-eabi/13.3.1/../../../../arm-none-eabi/lib/thumb/v7e-m/nofp/libc_nano.a(libc_a-nano-vfprintf_i.o)
                0x08002e94                _printf_i
 .text.std      0x080030d0       0x6c /usr/share/arm-gnu-toolchain-13.3.rel1-x86_64-arm-none-eabi/bin/../lib/gcc/arm-none-eabi/13.3.1/../../../../arm-none-eabi/lib/thumb/v7e-m/nofp/libc_nano.a(libc_a-findfp.o)
 .text.stdio_exit_handler
                0x0800313c       0x18 /usr/share/arm-gnu-toolchain-13.3.rel1-x86_64-arm-none-eabi/bin/../lib/gcc/arm-none-eabi/13.3.1/../../../../arm-none-eabi/lib/thumb/v7e-m/nofp/libc_nano.a(libc_a-findfp.o)
 .text.cleanup_stdio
                0x08003154       0x40 /usr/share/arm-gnu-toolchain-13.3.rel1-x86_64-arm-none-eabi/bin/../lib/gcc/arm-none-eabi/13.3.1/../../../../arm-none-eabi/lib/thumb/v7e-m/nofp/libc_nano.a(libc_a-findfp.o)
 .text.global_stdio_init.part.0
                0x08003194       0x3c /usr/share/arm-gnu-toolchain-13.3.rel1-x86_64-arm-none-eabi/bin/../lib/gcc/arm-none-eabi/13.3.1/../../../../arm-none-eabi/lib/thumb/v7e-m/nofp/libc_nano.a(libc_a-findfp.o)
 .text.__sfp_lock_acquire
                0x080031d0        0xc /usr/share/arm-gnu-toolchain-13.3.rel1-x86_64-arm-none-eabi/bin/../lib/gcc/arm-none-eabi/13.3.1/../../../../arm-none-eabi/lib/thumb/v7e-m/nofp/libc_nano.a(libc_a-findfp.o)
                0x080031d0                __sfp_lock_acquire
 .text.__sfp_lock_release
                0x080031dc        0xc /usr/share/arm-gnu-toolchain-13.3.rel1-x86_64-arm-none-eabi/bin/../lib/gcc/arm-none-eabi/13.3.1/../../../../arm-none-eabi/lib/thumb/v7e-m/nofp/libc_nano.a(libc_a-findfp.o)
                0x080031dc                __sfp_lock_release
 .text.__sinit  0x080031e8       0x30 /usr/share/arm-gnu-toolchain-13.3.rel1-x86_64-arm-none-eabi/bin/../lib/gcc/arm-none-eabi/13.3.1/../../../../arm-none-eabi/lib/thumb/v7e-m/nofp/libc_nano.a(libc_a-findfp.o)
                0x080031e8                __sinit
 .text.__sread  0x08003218       0x22 /usr/share/arm-gnu-toolchain-13.3.rel1-x86_64-arm-none-eabi/bin/../lib/gcc/arm-none-eabi/13.3.1/../../../../arm-none-eabi/lib/thumb/v7e-m/nofp/libc_nano.a(libc_a-stdio.o)
                0x08003218                __sread
 .text.__swrite
                0x0800323a       0x38 /usr/share/arm-gnu-toolchain-13.3.rel1-x86_64-arm-none-eabi/bin/../lib/gcc/arm-none-eabi/13.3.1/../../../../arm-none-eabi/lib/thumb/v7e-m/nofp/libc_nano.a(libc_a-stdio.o)
                0x0800323a                __swrite
 .text.__sseek  0x08003272       0x24 /usr/share/arm-gnu-toolchain-13.3.rel1-x86_64-arm-none-eabi/bin/../lib/gcc/arm-none-eabi/13.3.1/../../../../arm-none-eabi/lib/thumb/v7e-m/nofp/libc_nano.a(libc_a-stdio.o)
                0x08003272                __sseek
 .text.__sclose
                0x08003296        0x8 /usr/share/arm-gnu-toolchain-13.3.rel1-x86_64-arm-none-eabi/bin/../lib/gcc/arm-none-eabi/13.3.1/../../../../arm-none-eabi/lib/thumb/v7e-m/nofp/libc_nano.a(libc_a-stdio.o)
                0x08003296                __sclose
 *fill*         0x0800329e        0x2 
 .text._lseek_r
                0x080032a0       0x24 /usr/share/arm-gnu-toolchain-13.3.rel1-x86_64-arm-none-eabi/bin/../lib/gcc/arm-none-eabi/13.3.1/../../../../arm-none-eabi/lib/thumb/v7e-m/nofp/libc_nano.a(libc_a-lseekr.o)
                0x080032a0                _lseek_r
 .text._read_r  0x080032c4       0x24 /usr/share/arm-gnu-toolchain-13.3.rel1-x86_64-arm-none-eabi/bin/../lib/gcc/arm-none-eabi/13.3.1/../../../../arm-none-eabi/lib/thumb/v7e-m/nofp/libc_nano.a(libc_a-readr.o)
                0x080032c4                _read_r
 .text._fwalk_sglue
                0x080032e8       0x3c /usr/share/arm-gnu-toolchain-13.3.rel1-x86_64-arm-none-eabi/bin/../lib/gcc/arm-none-eabi/13.3.1/../../../../arm-none-eabi/lib/thumb/v7e-m/nofp/libc_nano.a(libc_a-fwalk.o)
                0x080032e8                _fwalk_sglue
 .text.__swbuf_r
                0x08003324       0x7c /usr/share/arm-gnu-toolchain-13.3.rel1-x86_64-arm-none-eabi/bin/../lib/gcc/arm-none-eabi/13.3.1/../../../../arm-none-eabi/lib/thumb/v7e-m/nofp/libc_nano.a(libc_a-wbuf.o)
                0x08003324                __swbuf_r
 .text._free_r  0x080033a0       0x94 /usr/share/arm-gnu-toolchain-13.3.rel1-x86_64-arm-none-eabi/bin/../lib/gcc/arm-none-eabi/13.3.1/../../../../arm-none-eabi/lib/thumb/v7e-m/nofp/libc_nano.a(libc_a-freer.o)
                0x080033a0                _free_r
 .text._write_r
                0x08003434       0x24 /usr/share/arm-gnu-toolchain-13.3.rel1-x86_64-arm-none-eabi/bin/../lib/gcc/arm-none-eabi/13.3.1/../../../../arm-none-eabi/lib/thumb/v7e-m/nofp/libc_nano.a(libc_a-writer.o)
                0x08003434                _write_r
 .text.__swhatbuf_r
                0x08003458       0x4c /usr/share/arm-gnu-toolchain-13.3.rel1-x86_64-arm-none-eabi/bin/../lib/gcc/arm-none-eabi/13.3.1/../../../../arm-none-eabi/lib/thumb/v7e-m/nofp/libc_nano.a(libc_a-makebuf.o)
                0x08003458                __swhatbuf_r
 .text.__smakebuf_r
                0x080034a4       0x78 /usr/share/arm-gnu-toolchain-13.3.rel1-x86_64-arm-none-eabi/bin/../lib/gcc/arm-none-eabi/13.3.1/../../../../arm-none-eabi/lib/thumb/v7e-m/nofp/libc_nano.a(libc_a-makebuf.o)
                0x080034a4                __smakebuf_r
 .text.__sflush_r
                0x0800351c      0x100 /usr/share/arm-gnu-toolchain-13.3.rel1-x86_64-arm-none-eabi/bin/../lib/gcc/arm-none-eabi/13.3.1/../../../../arm-none-eabi/lib/thumb/v7e-m/nofp/libc_nano.a(libc_a-fflush.o)
                0x0800351c                __sflush_r
 .text._fflush_r
                0x0800361c       0x50 /usr/share/arm-gnu-toolchain-13.3.rel1-x86_64-arm-none-eabi/bin/../lib/gcc/arm-none-eabi/13.3.1/../../../../arm-none-eabi/lib/thumb/v7e-m/nofp/libc_nano.a(libc_a-fflush.o)
                0x0800361c                _fflush_r
 .text.sbrk_aligned
                0x0800366c       0x44 /usr/share/arm-gnu-toolchain-13.3.rel1-x86_64-arm-none-eabi/bin/../lib/gcc/arm-none-eabi/13.3.1/../../../../arm-none-eabi/lib/thumb/v7e-m/nofp/libc_nano.a(libc_a-mallocr.o)
 .text._malloc_r
                0x080036b0      0x100 /usr/share/arm-gnu-toolchain-13.3.rel1-x86_64-arm-none-eabi/bin/../lib/gcc/arm-none-eabi/13.3.1/../../../../arm-none-eabi/lib/thumb/v7e-m/nofp/libc_nano.a(libc_a-mallocr.o)
                0x080036b0                _malloc_r
 .text._close_r
                0x080037b0       0x20 /usr/share/arm-gnu-toolchain-13.3.rel1-x86_64-arm-none-eabi/bin/../lib/gcc/arm-none-eabi/13.3.1/../../../../arm-none-eabi/lib/thumb/v7e-m/nofp/libc_nano.a(libc_a-closer.o)
                0x080037b0                _close_r
 .text._fstat_r
                0x080037d0       0x24 /usr/share/arm-gnu-toolchain-13.3.rel1-x86_64-arm-none-eabi/bin/../lib/gcc/arm-none-eabi/13.3.1/../../../../arm-none-eabi/lib/thumb/v7e-m/nofp/libc_nano.a(libc_a-fstatr.o)
                0x080037d0                _fstat_r
 .text.__malloc_lock
                0x080037f4        0xc /usr/share/arm-gnu-toolchain-13.3.rel1-x86_64-arm-none-eabi/bin/../lib/gcc/arm-none-eabi/13.3.1/../../../../arm-none-eabi/lib/thumb/v7e-m/nofp/libc_nano.a(libc_a-mlock.o)
                0x080037f4                __malloc_lock
 .text.__malloc_unlock
                0x08003800        0xc /usr/share/arm-gnu-toolchain-13.3.rel1-x86_64-arm-none-eabi/bin/../lib/gcc/arm-none-eabi/13.3.1/../../../../arm-none-eabi/lib/thumb/v7e-m/nofp/libc_nano.a(libc_a-mlock.o)
                0x08003800                __malloc_unlock
 .text._isatty_r
                0x0800380c       0x20 /usr/share/arm-gnu-toolchain-13.3.rel1-x86_64-arm-none-eabi/bin/../lib/gcc/arm-none-eabi/13.3.1/../../../../arm-none-eabi/lib/thumb/v7e-m/nofp/libc_nano.a(libc_a-isattyr.o)
                0x0800380c                _isatty_r
 .text._sbrk_r  0x0800382c       0x20 /usr/share/arm-gnu-toolchain-13.3.rel1-x86_64-arm-none-eabi/bin/../lib/gcc/arm-none-eabi/13.3.1/../../../../arm-none-eabi/lib/thumb/v7e-m/nofp/libc_nano.a(libc_a-sbrkr.o)
                0x0800382c                _sbrk_r
 .text.__udivmoddi4
                0x0800384c      0x2bc /usr/share/arm-gnu-toolchain-13.3.rel1-x86_64-arm-none-eabi/bin/../lib/gcc/arm-none-eabi/13.3.1/thumb/v7e-m/nofp/libgcc.a(_udivmoddi4.o)
                0x0800384c                __udivmoddi4
 *(.glue_7)
 .glue_7        0x08003b08        0x0 linker stubs
 *(.glue_7t)
 .glue_7t       0x08003b08        0x0 linker stubs
 *(.eh_frame)
 .eh_frame      0x08003b08        0x0 /usr/share/arm-gnu-toolchain-13.3.rel1-x86_64-arm-none-eabi/bin/../lib/gcc/arm-none-eabi/13.3.1/thumb/v7e-m/nofp/crtbegin.o
 *(.init)
 .init          0x08003b08        0x4 /usr/share/arm-gnu-toolchain-13.3.rel1-x86_64-arm-none-eabi/bin/../lib/gcc/arm-none-eabi/13.3.1/thumb/v7e-m/nofp/crti.o
                0x08003b08                _init
 .init          0x08003b0c        0x8 /usr/share/arm-gnu-toolchain-13.3.rel1-x86_64-arm-none-eabi/bin/../lib/gcc/arm-none-eabi/13.3.1/thumb/v7e-m/nofp/crtn.o
 *(.fini)
 .fini          0x08003b14        0x4 /usr/share/arm-gnu-toolchain-13.3.rel1-x86_64-arm-none-eabi/bin/../lib/gcc/arm-none-eabi/13.3.1/thumb/v7e-m/nofp/crti.o
                0x08003b14                _fini
 .fini          0x08003b18        0x8 /usr/share/arm-gnu-toolchain-13.3.rel1-x86_64-arm-none-eabi/bin/../lib/gcc/arm-none-eabi/13.3.1/thumb/v7e-m/nofp/crtn.o
                0x08003b20                        . = ALIGN (0x8)
                0x08003b20                        _etext = .

.vfp11_veneer   0x08003b20        0x0
 .vfp11_veneer  0x08003b20        0x0 linker stubs

.v4_bx          0x08003b20        0x0
 .v4_bx         0x08003b20        0x0 linker stubs

.iplt           0x08003b20        0x0
 .iplt          0x08003b20        0x0 /usr/share/arm-gnu-toolchain-13.3.rel1-x86_64-arm-none-eabi/bin/../lib/gcc/arm-none-eabi/13.3.1/thumb/v7e-m/nofp/crtbegin.o

.rodata         0x08003b20      0x128
                0x08003b20                        . = ALIGN (0x8)
 *(.rodata)
 .rodata        0x08003b20       0x1c build/config/stm32wlxx_hal_rcc.o
 *(.rodata*)
 .rodata.main.str1.4
                0x08003b3c        0xf build/config/main.o
 *fill*         0x08003b4b        0x1 
 .rodata.UARTPrescTable
                0x08003b4c       0x18 build/config/stm32wlxx_hal_uart.o
                0x08003b4c                UARTPrescTable
 .rodata.denominator.0
                0x08003b64        0x8 build/config/stm32wlxx_hal_uart_ex.o
 .rodata.numerator.1
                0x08003b6c        0x8 build/config/stm32wlxx_hal_uart_ex.o
 .rodata.MSIRangeTable
                0x08003b74       0x40 build/config/system_stm32wlxx.o
                0x08003b74                MSIRangeTable
 .rodata.APBPrescTable
                0x08003bb4       0x20 build/config/system_stm32wlxx.o
                0x08003bb4                APBPrescTable
 .rodata.AHBPrescTable
                0x08003bd4       0x40 build/config/system_stm32wlxx.o
                0x08003bd4                AHBPrescTable
 .rodata._vfprintf_r.str1.1
                0x08003c14       0x33 /usr/share/arm-gnu-toolchain-13.3.rel1-x86_64-arm-none-eabi/bin/../lib/gcc/arm-none-eabi/13.3.1/../../../../arm-none-eabi/lib/thumb/v7e-m/nofp/libc_nano.a(libc_a-nano-vfprintf.o)
                                 0x11 (size before relaxing)
 .rodata._printf_i.str1.1
                0x08003c47       0x22 /usr/share/arm-gnu-toolchain-13.3.rel1-x86_64-arm-none-eabi/bin/../lib/gcc/arm-none-eabi/13.3.1/../../../../arm-none-eabi/lib/thumb/v7e-m/nofp/libc_nano.a(libc_a-nano-vfprintf_i.o)
                0x08003c70                        . = ALIGN (0x8)
 *fill*         0x08003c47        0x1 

.ARM.extab      0x08003c48        0x0
                0x08003c48                        . = ALIGN (0x8)
 *(.ARM.extab* .gnu.linkonce.armextab.*)
                0x08003c48                        . = ALIGN (0x8)

.ARM            0x08003c48        0x8
                0x08003c48                        . = ALIGN (0x8)
                0x08003c48                        __exidx_start = .
 *(.ARM.exidx*)
 .ARM.exidx     0x08003c48        0x8 /usr/share/arm-gnu-toolchain-13.3.rel1-x86_64-arm-none-eabi/bin/../lib/gcc/arm-none-eabi/13.3.1/../../../../arm-none-eabi/lib/thumb/v7e-m/nofp/libc_nano.a(libc_a-memchr.o)
 .ARM.exidx.text.__udivmoddi4
                0x08003c50        0x0 /usr/share/arm-gnu-toolchain-13.3.rel1-x86_64-arm-none-eabi/bin/../lib/gcc/arm-none-eabi/13.3.1/thumb/v7e-m/nofp/libgcc.a(_udivmoddi4.o)
                                  0x8 (size before relaxing)
                0x08003c50                        __exidx_end = .
                0x08003c50                        . = ALIGN (0x8)

.rel.dyn        0x08003c50        0x0
 .rel.iplt      0x08003c50        0x0 /usr/share/arm-gnu-toolchain-13.3.rel1-x86_64-arm-none-eabi/bin/../lib/gcc/arm-none-eabi/13.3.1/thumb/v7e-m/nofp/crtbegin.o

.preinit_array  0x08003c50        0x0
                0x08003c50                        . = ALIGN (0x8)
                0x08003c50                        PROVIDE (__preinit_array_start = .)
 *(.preinit_array*)
                0x08003c50                        PROVIDE (__preinit_array_end = .)
                0x08003c50                        . = ALIGN (0x8)

.init_array     0x08003c50        0x8
                0x08003c50                        . = ALIGN (0x8)
                0x08003c50                        PROVIDE (__init_array_start = .)
 *(SORT_BY_NAME(.init_array.*))
 *(.init_array*)
 .init_array    0x08003c50        0x4 /usr/share/arm-gnu-toolchain-13.3.rel1-x86_64-arm-none-eabi/bin/../lib/gcc/arm-none-eabi/13.3.1/thumb/v7e-m/nofp/crtbegin.o
                0x08003c54                        PROVIDE (__init_array_end = .)
                0x08003c58                        . = ALIGN (0x8)
 *fill*         0x08003c54        0x4 

.fini_array     0x08003c58        0x8
                0x08003c58                        . = ALIGN (0x8)
                [!provide]                        PROVIDE (__fini_array_start = .)
 *(SORT_BY_NAME(.fini_array.*))
 *(.fini_array*)
 .fini_array    0x08003c58        0x4 /usr/share/arm-gnu-toolchain-13.3.rel1-x86_64-arm-none-eabi/bin/../lib/gcc/arm-none-eabi/13.3.1/thumb/v7e-m/nofp/crtbegin.o
                [!provide]                        PROVIDE (__fini_array_end = .)
                0x08003c60                        . = ALIGN (0x8)
 *fill*         0x08003c5c        0x4 
                0x08003c60                        _sidata = LOADADDR (.data)

.data           0x20000000       0x68 load address 0x08003c60
                0x20000000                        . = ALIGN (0x8)
                0x20000000                        _sdata = .
 *(.data)
 *(.data*)
 .data.uwTickFreq
                0x20000000        0x1 build/config/stm32wlxx_hal.o
                0x20000000                uwTickFreq
 *fill*         0x20000001        0x3 
 .data.uwTickPrio
                0x20000004        0x4 build/config/stm32wlxx_hal.o
                0x20000004                uwTickPrio
 .data.SystemCoreClock
                0x20000008        0x4 build/config/system_stm32wlxx.o
                0x20000008                SystemCoreClock
 .data._impure_ptr
                0x2000000c        0x4 /usr/share/arm-gnu-toolchain-13.3.rel1-x86_64-arm-none-eabi/bin/../lib/gcc/arm-none-eabi/13.3.1/../../../../arm-none-eabi/lib/thumb/v7e-m/nofp/libc_nano.a(libc_a-impure.o)
                0x2000000c                _impure_ptr
 .data._impure_data
                0x20000010       0x4c /usr/share/arm-gnu-toolchain-13.3.rel1-x86_64-arm-none-eabi/bin/../lib/gcc/arm-none-eabi/13.3.1/../../../../arm-none-eabi/lib/thumb/v7e-m/nofp/libc_nano.a(libc_a-impure.o)
                0x20000010                _impure_data
 .data.__sglue  0x2000005c        0xc /usr/share/arm-gnu-toolchain-13.3.rel1-x86_64-arm-none-eabi/bin/../lib/gcc/arm-none-eabi/13.3.1/../../../../arm-none-eabi/lib/thumb/v7e-m/nofp/libc_nano.a(libc_a-findfp.o)
                0x2000005c                __sglue
                0x20000068                        . = ALIGN (0x8)

.tm_clone_table
                0x20000068        0x0 load address 0x08003cc8
 .tm_clone_table
                0x20000068        0x0 /usr/share/arm-gnu-toolchain-13.3.rel1-x86_64-arm-none-eabi/bin/../lib/gcc/arm-none-eabi/13.3.1/thumb/v7e-m/nofp/crtbegin.o
 .tm_clone_table
                0x20000068        0x0 /usr/share/arm-gnu-toolchain-13.3.rel1-x86_64-arm-none-eabi/bin/../lib/gcc/arm-none-eabi/13.3.1/thumb/v7e-m/nofp/crtend.o

.igot.plt       0x20000068        0x0 load address 0x08003cc8
 .igot.plt      0x20000068        0x0 /usr/share/arm-gnu-toolchain-13.3.rel1-x86_64-arm-none-eabi/bin/../lib/gcc/arm-none-eabi/13.3.1/thumb/v7e-m/nofp/crtbegin.o

.tdata          0x20000068        0x0 load address 0x08003cc8
 *(.tdata .tdata.* .gnu.linkonce.td.*)
                0x20000068                        . = ALIGN (0x4)
                0x20000068                        _edata = .
                [!provide]                        PROVIDE (__data_end = .)
                [!provide]                        PROVIDE (__tdata_end = .)
                [!provide]                        PROVIDE (__tdata_start = ADDR (.tdata))
                [!provide]                        PROVIDE (__tdata_size = (__tdata_end - __tdata_start))
                [!provide]                        PROVIDE (__data_start = ADDR (.data))
                [!provide]                        PROVIDE (__data_size = (__data_end - __data_start))
                [!provide]                        PROVIDE (__tdata_source = LOADADDR (.tdata))
                [!provide]                        PROVIDE (__tdata_source_end = (LOADADDR (.tdata) + SIZEOF (.tdata)))
                [!provide]                        PROVIDE (__tdata_source_size = (__tdata_source_end - __tdata_source))
                [!provide]                        PROVIDE (__data_source = LOADADDR (.data))
                [!provide]                        PROVIDE (__data_source_end = __tdata_source_end)
                [!provide]                        PROVIDE (__data_source_size = (__data_source_end - __data_source))
                0x20000068                        . = ALIGN (0x8)

.tbss           0x20000068        0x0 load address 0x08003cc8
                0x20000068                        _sbss = .
                0x20000068                        __bss_start__ = _sbss
 *(.tbss .tbss.*)
                0x20000068                        . = ALIGN (0x4)
                [!provide]                        PROVIDE (__tbss_end = .)
                [!provide]                        PROVIDE (__tbss_start = ADDR (.tbss))
                [!provide]                        PROVIDE (__tbss_size = (__tbss_end - __tbss_start))
                [!provide]                        PROVIDE (__tbss_offset = (ADDR (.tbss) - ADDR (.tdata)))
                [!provide]                        PROVIDE (__tls_base = __tdata_start)
                [!provide]                        PROVIDE (__tls_end = __tbss_end)
                [!provide]                        PROVIDE (__tls_size = (__tls_end - __tls_base))
                [!provide]                        PROVIDE (__tls_align = MAX (ALIGNOF (.tdata), ALIGNOF (.tbss)))
                [!provide]                        PROVIDE (__tls_size_align = (((__tls_size + __tls_align) - 0x1) & ~ ((__tls_align - 0x1))))
                [!provide]                        PROVIDE (__arm32_tls_tcb_offset = MAX (0x8, __tls_align))
                [!provide]                        PROVIDE (__arm64_tls_tcb_offset = MAX (0x10, __tls_align))

.bss            0x20000068      0x358 load address 0x08003cc8
 *(.bss)
 *(.bss*)
 .bss.completed.1
                0x20000068        0x1 /usr/share/arm-gnu-toolchain-13.3.rel1-x86_64-arm-none-eabi/bin/../lib/gcc/arm-none-eabi/13.3.1/thumb/v7e-m/nofp/crtbegin.o
 *fill*         0x20000069        0x3 
 .bss.object.0  0x2000006c       0x18 /usr/share/arm-gnu-toolchain-13.3.rel1-x86_64-arm-none-eabi/bin/../lib/gcc/arm-none-eabi/13.3.1/thumb/v7e-m/nofp/crtbegin.o
 .bss.huart1    0x20000084       0x94 build/config/init.o
                0x20000084                huart1
 .bss.htim2     0x20000118       0x4c build/config/init.o
                0x20000118                htim2
 .bss.hsubghz   0x20000164        0xc build/config/init.o
                0x20000164                hsubghz
 .bss.hspi1     0x20000170       0x64 build/config/init.o
                0x20000170                hspi1
 .bss.huart2    0x200001d4       0x94 build/config/main.o
                0x200001d4                huart2
 .bss.uwTick    0x20000268        0x4 build/config/stm32wlxx_hal.o
                0x20000268                uwTick
 .bss.__sbrk_heap_end
                0x2000026c        0x4 build/config/sysmem.o
 .bss.__lock___malloc_recursive_mutex
                0x20000270        0x1 /usr/share/arm-gnu-toolchain-13.3.rel1-x86_64-arm-none-eabi/bin/../lib/gcc/arm-none-eabi/13.3.1/../../../../arm-none-eabi/lib/thumb/v7e-m/nofp/libc_nano.a(libc_a-lock.o)
                0x20000270                __lock___malloc_recursive_mutex
 .bss.__lock___sfp_recursive_mutex
                0x20000271        0x1 /usr/share/arm-gnu-toolchain-13.3.rel1-x86_64-arm-none-eabi/bin/../lib/gcc/arm-none-eabi/13.3.1/../../../../arm-none-eabi/lib/thumb/v7e-m/nofp/libc_nano.a(libc_a-lock.o)
                0x20000271                __lock___sfp_recursive_mutex
 *fill*         0x20000272        0x2 
 .bss.__sf      0x20000274      0x138 /usr/share/arm-gnu-toolchain-13.3.rel1-x86_64-arm-none-eabi/bin/../lib/gcc/arm-none-eabi/13.3.1/../../../../arm-none-eabi/lib/thumb/v7e-m/nofp/libc_nano.a(libc_a-findfp.o)
                0x20000274                __sf
 .bss.__stdio_exit_handler
                0x200003ac        0x4 /usr/share/arm-gnu-toolchain-13.3.rel1-x86_64-arm-none-eabi/bin/../lib/gcc/arm-none-eabi/13.3.1/../../../../arm-none-eabi/lib/thumb/v7e-m/nofp/libc_nano.a(libc_a-findfp.o)
                0x200003ac                __stdio_exit_handler
 .bss.__malloc_sbrk_start
                0x200003b0        0x4 /usr/share/arm-gnu-toolchain-13.3.rel1-x86_64-arm-none-eabi/bin/../lib/gcc/arm-none-eabi/13.3.1/../../../../arm-none-eabi/lib/thumb/v7e-m/nofp/libc_nano.a(libc_a-mallocr.o)
                0x200003b0                __malloc_sbrk_start
 .bss.__malloc_free_list
                0x200003b4        0x4 /usr/share/arm-gnu-toolchain-13.3.rel1-x86_64-arm-none-eabi/bin/../lib/gcc/arm-none-eabi/13.3.1/../../../../arm-none-eabi/lib/thumb/v7e-m/nofp/libc_nano.a(libc_a-mallocr.o)
                0x200003b4                __malloc_free_list
 .bss.errno     0x200003b8        0x4 /usr/share/arm-gnu-toolchain-13.3.rel1-x86_64-arm-none-eabi/bin/../lib/gcc/arm-none-eabi/13.3.1/../../../../arm-none-eabi/lib/thumb/v7e-m/nofp/libc_nano.a(libc_a-reent.o)
                0x200003b8                errno
 *(COMMON)
                0x200003c0                        . = ALIGN (0x8)
 *fill*         0x200003bc        0x4 
                0x200003c0                        . = ALIGN (0x4)
                0x200003c0                        _ebss = .
                0x200003c0                        __bss_end__ = _ebss
                [!provide]                        PROVIDE (__bss_end = .)
                [!provide]                        PROVIDE (__non_tls_bss_start = ADDR (.bss))
                [!provide]                        PROVIDE (__bss_start = __tbss_start)
                [!provide]                        PROVIDE (__bss_size = (__bss_end - __bss_start))
                0x200003c0                        . = ALIGN (0x8)

RAM1_region     0x200003c0        0x0 load address 0x08003cc8
                0x200003c0                        _sRAM1_region = .
 *(.RAM1_region)
                0x200003c0                        . = ALIGN (0x8)
                0x200003c0                        _eRAM1_region = .
                0x200003c0                        . = ALIGN (0x8)

RAM2_region     0x20008000        0x0
                0x20008000                        _sRAM2_region = .
 *(.RAM2_region)
                0x20008000                        . = ALIGN (0x8)
                0x20008000                        _eRAM2_region = .

._user_heap_stack
                0x200003c0      0x600
                0x200003c0                        . = ALIGN (0x8)
                [!provide]                        PROVIDE (end = .)
                0x200003c0                        PROVIDE (_end = .)
                0x200005c0                        . = (. + _Min_Heap_Size)
 *fill*         0x200003c0      0x200 
                0x200009c0                        . = (. + _Min_Stack_Size)
 *fill*         0x200005c0      0x400 
                0x200009c0                        . = ALIGN (0x8)

/DISCARD/
 libc.a:*(*)
 libm.a:*(*)
 libgcc.a:*(*)

.ARM.attributes
                0x00000000       0x2a
 *(.ARM.attributes)
 .ARM.attributes
                0x00000000       0x1e /usr/share/arm-gnu-toolchain-13.3.rel1-x86_64-arm-none-eabi/bin/../lib/gcc/arm-none-eabi/13.3.1/thumb/v7e-m/nofp/crti.o
 .ARM.attributes
                0x0000001e       0x2e /usr/share/arm-gnu-toolchain-13.3.rel1-x86_64-arm-none-eabi/bin/../lib/gcc/arm-none-eabi/13.3.1/thumb/v7e-m/nofp/crtbegin.o
 .ARM.attributes
                0x0000004c       0x2e build/config/init.o
 .ARM.attributes
                0x0000007a       0x2e build/config/main.o
 .ARM.attributes
                0x000000a8       0x2e build/config/stm32wlxx_it.o
 .ARM.attributes
                0x000000d6       0x2e build/config/stm32wlxx_hal_msp.o
 .ARM.attributes
                0x00000104       0x2e build/config/stm32wlxx_hal_rcc.o
 .ARM.attributes
                0x00000132       0x2e build/config/stm32wlxx_hal_rcc_ex.o
 .ARM.attributes
                0x00000160       0x2e build/config/stm32wlxx_hal_gpio.o
 .ARM.attributes
                0x0000018e       0x2e build/config/stm32wlxx_hal_pwr.o
 .ARM.attributes
                0x000001bc       0x2e build/config/stm32wlxx_hal_pwr_ex.o
 .ARM.attributes
                0x000001ea       0x2e build/config/stm32wlxx_hal_cortex.o
 .ARM.attributes
                0x00000218       0x2e build/config/stm32wlxx_hal.o
 .ARM.attributes
                0x00000246       0x2e build/config/stm32wlxx_hal_spi.o
 .ARM.attributes
                0x00000274       0x2e build/config/stm32wlxx_hal_subghz.o
 .ARM.attributes
                0x000002a2       0x2e build/config/stm32wlxx_hal_tim.o
 .ARM.attributes
                0x000002d0       0x2e build/config/stm32wlxx_hal_tim_ex.o
 .ARM.attributes
                0x000002fe       0x2e build/config/stm32wlxx_hal_uart.o
 .ARM.attributes
                0x0000032c       0x2e build/config/stm32wlxx_hal_uart_ex.o
 .ARM.attributes
                0x0000035a       0x2e build/config/system_stm32wlxx.o
 .ARM.attributes
                0x00000388       0x2e build/config/sysmem.o
 .ARM.attributes
                0x000003b6       0x2e build/config/syscalls.o
 .ARM.attributes
                0x000003e4       0x21 build/config/startup_stm32wle5xx.o
 .ARM.attributes
                0x00000405       0x2e /usr/share/arm-gnu-toolchain-13.3.rel1-x86_64-arm-none-eabi/bin/../lib/gcc/arm-none-eabi/13.3.1/../../../../arm-none-eabi/lib/thumb/v7e-m/nofp/libc_nano.a(libc_a-errno.o)
 .ARM.attributes
                0x00000433       0x2e /usr/share/arm-gnu-toolchain-13.3.rel1-x86_64-arm-none-eabi/bin/../lib/gcc/arm-none-eabi/13.3.1/../../../../arm-none-eabi/lib/thumb/v7e-m/nofp/libc_nano.a(libc_a-init.o)
 .ARM.attributes
                0x00000461       0x2e /usr/share/arm-gnu-toolchain-13.3.rel1-x86_64-arm-none-eabi/bin/../lib/gcc/arm-none-eabi/13.3.1/../../../../arm-none-eabi/lib/thumb/v7e-m/nofp/libc_nano.a(libc_a-printf.o)
 .ARM.attributes
                0x0000048f       0x2e /usr/share/arm-gnu-toolchain-13.3.rel1-x86_64-arm-none-eabi/bin/../lib/gcc/arm-none-eabi/13.3.1/../../../../arm-none-eabi/lib/thumb/v7e-m/nofp/libc_nano.a(libc_a-nano-vfprintf.o)
 .ARM.attributes
                0x000004bd       0x2e /usr/share/arm-gnu-toolchain-13.3.rel1-x86_64-arm-none-eabi/bin/../lib/gcc/arm-none-eabi/13.3.1/../../../../arm-none-eabi/lib/thumb/v7e-m/nofp/libc_nano.a(libc_a-memset.o)
 .ARM.attributes
                0x000004eb       0x2e /usr/share/arm-gnu-toolchain-13.3.rel1-x86_64-arm-none-eabi/bin/../lib/gcc/arm-none-eabi/13.3.1/../../../../arm-none-eabi/lib/thumb/v7e-m/nofp/libc_nano.a(libc_a-wsetup.o)
 .ARM.attributes
                0x00000519       0x2e /usr/share/arm-gnu-toolchain-13.3.rel1-x86_64-arm-none-eabi/bin/../lib/gcc/arm-none-eabi/13.3.1/../../../../arm-none-eabi/lib/thumb/v7e-m/nofp/libc_nano.a(libc_a-lock.o)
 .ARM.attributes
                0x00000547       0x2e /usr/share/arm-gnu-toolchain-13.3.rel1-x86_64-arm-none-eabi/bin/../lib/gcc/arm-none-eabi/13.3.1/../../../../arm-none-eabi/lib/thumb/v7e-m/nofp/libc_nano.a(libc_a-nano-vfprintf_i.o)
 .ARM.attributes
                0x00000575       0x2e /usr/share/arm-gnu-toolchain-13.3.rel1-x86_64-arm-none-eabi/bin/../lib/gcc/arm-none-eabi/13.3.1/../../../../arm-none-eabi/lib/thumb/v7e-m/nofp/libc_nano.a(libc_a-impure.o)
 .ARM.attributes
                0x000005a3       0x1c /usr/share/arm-gnu-toolchain-13.3.rel1-x86_64-arm-none-eabi/bin/../lib/gcc/arm-none-eabi/13.3.1/../../../../arm-none-eabi/lib/thumb/v7e-m/nofp/libc_nano.a(libc_a-memchr.o)
 .ARM.attributes
                0x000005bf       0x2e /usr/share/arm-gnu-toolchain-13.3.rel1-x86_64-arm-none-eabi/bin/../lib/gcc/arm-none-eabi/13.3.1/../../../../arm-none-eabi/lib/thumb/v7e-m/nofp/libc_nano.a(libc_a-findfp.o)
 .ARM.attributes
                0x000005ed       0x2e /usr/share/arm-gnu-toolchain-13.3.rel1-x86_64-arm-none-eabi/bin/../lib/gcc/arm-none-eabi/13.3.1/../../../../arm-none-eabi/lib/thumb/v7e-m/nofp/libc_nano.a(libc_a-stdio.o)
 .ARM.attributes
                0x0000061b       0x2e /usr/share/arm-gnu-toolchain-13.3.rel1-x86_64-arm-none-eabi/bin/../lib/gcc/arm-none-eabi/13.3.1/../../../../arm-none-eabi/lib/thumb/v7e-m/nofp/libc_nano.a(libc_a-lseekr.o)
 .ARM.attributes
                0x00000649       0x2e /usr/share/arm-gnu-toolchain-13.3.rel1-x86_64-arm-none-eabi/bin/../lib/gcc/arm-none-eabi/13.3.1/../../../../arm-none-eabi/lib/thumb/v7e-m/nofp/libc_nano.a(libc_a-readr.o)
 .ARM.attributes
                0x00000677       0x2e /usr/share/arm-gnu-toolchain-13.3.rel1-x86_64-arm-none-eabi/bin/../lib/gcc/arm-none-eabi/13.3.1/../../../../arm-none-eabi/lib/thumb/v7e-m/nofp/libc_nano.a(libc_a-fwalk.o)
 .ARM.attributes
                0x000006a5       0x2e /usr/share/arm-gnu-toolchain-13.3.rel1-x86_64-arm-none-eabi/bin/../lib/gcc/arm-none-eabi/13.3.1/../../../../arm-none-eabi/lib/thumb/v7e-m/nofp/libc_nano.a(libc_a-wbuf.o)
 .ARM.attributes
                0x000006d3       0x2e /usr/share/arm-gnu-toolchain-13.3.rel1-x86_64-arm-none-eabi/bin/../lib/gcc/arm-none-eabi/13.3.1/../../../../arm-none-eabi/lib/thumb/v7e-m/nofp/libc_nano.a(libc_a-freer.o)
 .ARM.attributes
                0x00000701       0x2e /usr/share/arm-gnu-toolchain-13.3.rel1-x86_64-arm-none-eabi/bin/../lib/gcc/arm-none-eabi/13.3.1/../../../../arm-none-eabi/lib/thumb/v7e-m/nofp/libc_nano.a(libc_a-writer.o)
 .ARM.attributes
                0x0000072f       0x2e /usr/share/arm-gnu-toolchain-13.3.rel1-x86_64-arm-none-eabi/bin/../lib/gcc/arm-none-eabi/13.3.1/../../../../arm-none-eabi/lib/thumb/v7e-m/nofp/libc_nano.a(libc_a-makebuf.o)
 .ARM.attributes
                0x0000075d       0x2e /usr/share/arm-gnu-toolchain-13.3.rel1-x86_64-arm-none-eabi/bin/../lib/gcc/arm-none-eabi/13.3.1/../../../../arm-none-eabi/lib/thumb/v7e-m/nofp/libc_nano.a(libc_a-fflush.o)
 .ARM.attributes
                0x0000078b       0x2e /usr/share/arm-gnu-toolchain-13.3.rel1-x86_64-arm-none-eabi/bin/../lib/gcc/arm-none-eabi/13.3.1/../../../../arm-none-eabi/lib/thumb/v7e-m/nofp/libc_nano.a(libc_a-mallocr.o)
 .ARM.attributes
                0x000007b9       0x2e /usr/share/arm-gnu-toolchain-13.3.rel1-x86_64-arm-none-eabi/bin/../lib/gcc/arm-none-eabi/13.3.1/../../../../arm-none-eabi/lib/thumb/v7e-m/nofp/libc_nano.a(libc_a-closer.o)
 .ARM.attributes
                0x000007e7       0x2e /usr/share/arm-gnu-toolchain-13.3.rel1-x86_64-arm-none-eabi/bin/../lib/gcc/arm-none-eabi/13.3.1/../../../../arm-none-eabi/lib/thumb/v7e-m/nofp/libc_nano.a(libc_a-reent.o)
 .ARM.attributes
                0x00000815       0x2e /usr/share/arm-gnu-toolchain-13.3.rel1-x86_64-arm-none-eabi/bin/../lib/gcc/arm-none-eabi/13.3.1/../../../../arm-none-eabi/lib/thumb/v7e-m/nofp/libc_nano.a(libc_a-fstatr.o)
 .ARM.attributes
                0x00000843       0x2e /usr/share/arm-gnu-toolchain-13.3.rel1-x86_64-arm-none-eabi/bin/../lib/gcc/arm-none-eabi/13.3.1/../../../../arm-none-eabi/lib/thumb/v7e-m/nofp/libc_nano.a(libc_a-mlock.o)
 .ARM.attributes
                0x00000871       0x2e /usr/share/arm-gnu-toolchain-13.3.rel1-x86_64-arm-none-eabi/bin/../lib/gcc/arm-none-eabi/13.3.1/../../../../arm-none-eabi/lib/thumb/v7e-m/nofp/libc_nano.a(libc_a-isattyr.o)
 .ARM.attributes
                0x0000089f       0x2e /usr/share/arm-gnu-toolchain-13.3.rel1-x86_64-arm-none-eabi/bin/../lib/gcc/arm-none-eabi/13.3.1/../../../../arm-none-eabi/lib/thumb/v7e-m/nofp/libc_nano.a(libc_a-sbrkr.o)
 .ARM.attributes
                0x000008cd       0x1e /usr/share/arm-gnu-toolchain-13.3.rel1-x86_64-arm-none-eabi/bin/../lib/gcc/arm-none-eabi/13.3.1/thumb/v7e-m/nofp/libgcc.a(_aeabi_uldivmod.o)
 .ARM.attributes
                0x000008eb       0x2e /usr/share/arm-gnu-toolchain-13.3.rel1-x86_64-arm-none-eabi/bin/../lib/gcc/arm-none-eabi/13.3.1/thumb/v7e-m/nofp/libgcc.a(_udivmoddi4.o)
 .ARM.attributes
                0x00000919       0x1e /usr/share/arm-gnu-toolchain-13.3.rel1-x86_64-arm-none-eabi/bin/../lib/gcc/arm-none-eabi/13.3.1/thumb/v7e-m/nofp/libgcc.a(_dvmd_tls.o)
 .ARM.attributes
                0x00000937       0x2e /usr/share/arm-gnu-toolchain-13.3.rel1-x86_64-arm-none-eabi/bin/../lib/gcc/arm-none-eabi/13.3.1/thumb/v7e-m/nofp/crtend.o
 .ARM.attributes
                0x00000965       0x1e /usr/share/arm-gnu-toolchain-13.3.rel1-x86_64-arm-none-eabi/bin/../lib/gcc/arm-none-eabi/13.3.1/thumb/v7e-m/nofp/crtn.o
OUTPUT(build/config/config.elf elf32-littlearm)
LOAD linker stubs

.debug_info     0x00000000    0x20516
 .debug_info    0x00000000     0x2075 build/config/init.o
 .debug_info    0x00002075      0xbaa build/config/main.o
 .debug_info    0x00002c1f      0x19e build/config/stm32wlxx_it.o
 .debug_info    0x00002dbd     0x1bc7 build/config/stm32wlxx_hal_msp.o
 .debug_info    0x00004984     0x1e5d build/config/stm32wlxx_hal_rcc.o
 .debug_info    0x000067e1     0x1ecc build/config/stm32wlxx_hal_rcc_ex.o
 .debug_info    0x000086ad      0x7ab build/config/stm32wlxx_hal_gpio.o
 .debug_info    0x00008e58      0xa5c build/config/stm32wlxx_hal_pwr.o
 .debug_info    0x000098b4     0x1089 build/config/stm32wlxx_hal_pwr_ex.o
 .debug_info    0x0000a93d     0x117d build/config/stm32wlxx_hal_cortex.o
 .debug_info    0x0000baba     0x13db build/config/stm32wlxx_hal.o
 .debug_info    0x0000ce95     0x2806 build/config/stm32wlxx_hal_spi.o
 .debug_info    0x0000f69b     0x1c6a build/config/stm32wlxx_hal_subghz.o
 .debug_info    0x00011305     0x43ff build/config/stm32wlxx_hal_tim.o
 .debug_info    0x00015704     0x2294 build/config/stm32wlxx_hal_tim_ex.o
 .debug_info    0x00017998     0x6845 build/config/stm32wlxx_hal_uart.o
 .debug_info    0x0001e1dd     0x1451 build/config/stm32wlxx_hal_uart_ex.o
 .debug_info    0x0001f62e      0x4d9 build/config/system_stm32wlxx.o
 .debug_info    0x0001fb07      0x18c build/config/sysmem.o
 .debug_info    0x0001fc93      0x853 build/config/syscalls.o
 .debug_info    0x000204e6       0x30 build/config/startup_stm32wle5xx.o

.debug_abbrev   0x00000000     0x3620
 .debug_abbrev  0x00000000      0x349 build/config/init.o
 .debug_abbrev  0x00000349      0x21a build/config/main.o
 .debug_abbrev  0x00000563       0xb9 build/config/stm32wlxx_it.o
 .debug_abbrev  0x0000061c      0x337 build/config/stm32wlxx_hal_msp.o
 .debug_abbrev  0x00000953      0x39c build/config/stm32wlxx_hal_rcc.o
 .debug_abbrev  0x00000cef      0x358 build/config/stm32wlxx_hal_rcc_ex.o
 .debug_abbrev  0x00001047      0x22f build/config/stm32wlxx_hal_gpio.o
 .debug_abbrev  0x00001276      0x264 build/config/stm32wlxx_hal_pwr.o
 .debug_abbrev  0x000014da      0x352 build/config/stm32wlxx_hal_pwr_ex.o
 .debug_abbrev  0x0000182c      0x3bd build/config/stm32wlxx_hal_cortex.o
 .debug_abbrev  0x00001be9      0x37a build/config/stm32wlxx_hal.o
 .debug_abbrev  0x00001f63      0x2c7 build/config/stm32wlxx_hal_spi.o
 .debug_abbrev  0x0000222a      0x34f build/config/stm32wlxx_hal_subghz.o
 .debug_abbrev  0x00002579      0x2ce build/config/stm32wlxx_hal_tim.o
 .debug_abbrev  0x00002847      0x2dd build/config/stm32wlxx_hal_tim_ex.o
 .debug_abbrev  0x00002b24      0x37c build/config/stm32wlxx_hal_uart.o
 .debug_abbrev  0x00002ea0      0x362 build/config/stm32wlxx_hal_uart_ex.o
 .debug_abbrev  0x00003202      0x12c build/config/system_stm32wlxx.o
 .debug_abbrev  0x0000332e       0xeb build/config/sysmem.o
 .debug_abbrev  0x00003419      0x1ea build/config/syscalls.o
 .debug_abbrev  0x00003603       0x1d build/config/startup_stm32wle5xx.o

.debug_loc      0x00000000    0x194e1
 .debug_loc     0x00000000      0x170 build/config/init.o
 .debug_loc     0x00000170       0xc5 build/config/main.o
 .debug_loc     0x00000235       0x20 build/config/stm32wlxx_it.o
 .debug_loc     0x00000255      0x3d0 build/config/stm32wlxx_hal_msp.o
 .debug_loc     0x00000625      0xeb6 build/config/stm32wlxx_hal_rcc.o
 .debug_loc     0x000014db     0x121e build/config/stm32wlxx_hal_rcc_ex.o
 .debug_loc     0x000026f9      0x461 build/config/stm32wlxx_hal_gpio.o
 .debug_loc     0x00002b5a      0x2b4 build/config/stm32wlxx_hal_pwr.o
 .debug_loc     0x00002e0e      0x861 build/config/stm32wlxx_hal_pwr_ex.o
 .debug_loc     0x0000366f      0x8f1 build/config/stm32wlxx_hal_cortex.o
 .debug_loc     0x00003f60      0x4c9 build/config/stm32wlxx_hal.o
 .debug_loc     0x00004429     0x2d63 build/config/stm32wlxx_hal_spi.o
 .debug_loc     0x0000718c     0x10bf build/config/stm32wlxx_hal_subghz.o
 .debug_loc     0x0000824b     0x6776 build/config/stm32wlxx_hal_tim.o
 .debug_loc     0x0000e9c1     0x2eee build/config/stm32wlxx_hal_tim_ex.o
 .debug_loc     0x000118af     0x65df build/config/stm32wlxx_hal_uart.o
 .debug_loc     0x00017e8e      0xf19 build/config/stm32wlxx_hal_uart_ex.o
 .debug_loc     0x00018da7      0x127 build/config/system_stm32wlxx.o
 .debug_loc     0x00018ece       0x90 build/config/sysmem.o
 .debug_loc     0x00018f5e      0x583 build/config/syscalls.o

.debug_aranges  0x00000000     0x1348
 .debug_aranges
                0x00000000       0x58 build/config/init.o
 .debug_aranges
                0x00000058       0x28 build/config/main.o
 .debug_aranges
                0x00000080       0x60 build/config/stm32wlxx_it.o
 .debug_aranges
                0x000000e0       0x68 build/config/stm32wlxx_hal_msp.o
 .debug_aranges
                0x00000148       0xa0 build/config/stm32wlxx_hal_rcc.o
 .debug_aranges
                0x000001e8       0x98 build/config/stm32wlxx_hal_rcc_ex.o
 .debug_aranges
                0x00000280       0x60 build/config/stm32wlxx_hal_gpio.o
 .debug_aranges
                0x000002e0       0x98 build/config/stm32wlxx_hal_pwr.o
 .debug_aranges
                0x00000378      0x140 build/config/stm32wlxx_hal_pwr_ex.o
 .debug_aranges
                0x000004b8       0xf0 build/config/stm32wlxx_hal_cortex.o
 .debug_aranges
                0x000005a8      0x120 build/config/stm32wlxx_hal.o
 .debug_aranges
                0x000006c8      0x1f8 build/config/stm32wlxx_hal_spi.o
 .debug_aranges
                0x000008c0      0x110 build/config/stm32wlxx_hal_subghz.o
 .debug_aranges
                0x000009d0      0x3e0 build/config/stm32wlxx_hal_tim.o
 .debug_aranges
                0x00000db0      0x190 build/config/stm32wlxx_hal_tim_ex.o
 .debug_aranges
                0x00000f40      0x248 build/config/stm32wlxx_hal_uart.o
 .debug_aranges
                0x00001188       0xa8 build/config/stm32wlxx_hal_uart_ex.o
 .debug_aranges
                0x00001230       0x28 build/config/system_stm32wlxx.o
 .debug_aranges
                0x00001258       0x20 build/config/sysmem.o
 .debug_aranges
                0x00001278       0xa8 build/config/syscalls.o
 .debug_aranges
                0x00001320       0x28 build/config/startup_stm32wle5xx.o

.debug_ranges   0x00000000     0x1280
 .debug_ranges  0x00000000       0x48 build/config/init.o
 .debug_ranges  0x00000048       0x18 build/config/main.o
 .debug_ranges  0x00000060       0x50 build/config/stm32wlxx_it.o
 .debug_ranges  0x000000b0       0x58 build/config/stm32wlxx_hal_msp.o
 .debug_ranges  0x00000108       0xc8 build/config/stm32wlxx_hal_rcc.o
 .debug_ranges  0x000001d0       0x88 build/config/stm32wlxx_hal_rcc_ex.o
 .debug_ranges  0x00000258       0x50 build/config/stm32wlxx_hal_gpio.o
 .debug_ranges  0x000002a8       0x88 build/config/stm32wlxx_hal_pwr.o
 .debug_ranges  0x00000330      0x148 build/config/stm32wlxx_hal_pwr_ex.o
 .debug_ranges  0x00000478       0xe0 build/config/stm32wlxx_hal_cortex.o
 .debug_ranges  0x00000558      0x110 build/config/stm32wlxx_hal.o
 .debug_ranges  0x00000668      0x1e8 build/config/stm32wlxx_hal_spi.o
 .debug_ranges  0x00000850      0x118 build/config/stm32wlxx_hal_subghz.o
 .debug_ranges  0x00000968      0x3d0 build/config/stm32wlxx_hal_tim.o
 .debug_ranges  0x00000d38      0x180 build/config/stm32wlxx_hal_tim_ex.o
 .debug_ranges  0x00000eb8      0x238 build/config/stm32wlxx_hal_uart.o
 .debug_ranges  0x000010f0       0xb0 build/config/stm32wlxx_hal_uart_ex.o
 .debug_ranges  0x000011a0       0x18 build/config/system_stm32wlxx.o
 .debug_ranges  0x000011b8       0x10 build/config/sysmem.o
 .debug_ranges  0x000011c8       0x98 build/config/syscalls.o
 .debug_ranges  0x00001260       0x20 build/config/startup_stm32wle5xx.o

.debug_line     0x00000000    0x16ef3
 .debug_line    0x00000000      0x709 build/config/init.o
 .debug_line    0x00000709      0x28e build/config/main.o
 .debug_line    0x00000997      0x228 build/config/stm32wlxx_it.o
 .debug_line    0x00000bbf      0x619 build/config/stm32wlxx_hal_msp.o
 .debug_line    0x000011d8     0x1718 build/config/stm32wlxx_hal_rcc.o
 .debug_line    0x000028f0     0x162f build/config/stm32wlxx_hal_rcc_ex.o
 .debug_line    0x00003f1f      0x6b0 build/config/stm32wlxx_hal_gpio.o
 .debug_line    0x000045cf      0x4a1 build/config/stm32wlxx_hal_pwr.o
 .debug_line    0x00004a70      0x9cd build/config/stm32wlxx_hal_pwr_ex.o
 .debug_line    0x0000543d      0x80a build/config/stm32wlxx_hal_cortex.o
 .debug_line    0x00005c47      0x902 build/config/stm32wlxx_hal.o
 .debug_line    0x00006549     0x30a7 build/config/stm32wlxx_hal_spi.o
 .debug_line    0x000095f0      0xf09 build/config/stm32wlxx_hal_subghz.o
 .debug_line    0x0000a4f9     0x4a39 build/config/stm32wlxx_hal_tim.o
 .debug_line    0x0000ef32     0x1d94 build/config/stm32wlxx_hal_tim_ex.o
 .debug_line    0x00010cc6     0x4e77 build/config/stm32wlxx_hal_uart.o
 .debug_line    0x00015b3d      0xab7 build/config/stm32wlxx_hal_uart_ex.o
 .debug_line    0x000165f4      0x2ad build/config/system_stm32wlxx.o
 .debug_line    0x000168a1      0x1e3 build/config/sysmem.o
 .debug_line    0x00016a84      0x3f0 build/config/syscalls.o
 .debug_line    0x00016e74       0x7f build/config/startup_stm32wle5xx.o

.debug_str      0x00000000     0x6c65
 .debug_str     0x00000000     0x6c65 build/config/init.o
                               0x134e (size before relaxing)
 .debug_str     0x00006c65      0x7a3 build/config/main.o
 .debug_str     0x00006c65      0x1f6 build/config/stm32wlxx_it.o
 .debug_str     0x00006c65     0x1176 build/config/stm32wlxx_hal_msp.o
 .debug_str     0x00006c65      0xd35 build/config/stm32wlxx_hal_rcc.o
 .debug_str     0x00006c65      0xbd3 build/config/stm32wlxx_hal_rcc_ex.o
 .debug_str     0x00006c65      0x415 build/config/stm32wlxx_hal_gpio.o
 .debug_str     0x00006c65      0x5d8 build/config/stm32wlxx_hal_pwr.o
 .debug_str     0x00006c65      0x9d6 build/config/stm32wlxx_hal_pwr_ex.o
 .debug_str     0x00006c65      0xae9 build/config/stm32wlxx_hal_cortex.o
 .debug_str     0x00006c65      0xe9b build/config/stm32wlxx_hal.o
 .debug_str     0x00006c65      0xd02 build/config/stm32wlxx_hal_spi.o
 .debug_str     0x00006c65      0xd04 build/config/stm32wlxx_hal_subghz.o
 .debug_str     0x00006c65     0x17d7 build/config/stm32wlxx_hal_tim.o
 .debug_str     0x00006c65     0x114e build/config/stm32wlxx_hal_tim_ex.o
 .debug_str     0x00006c65     0x1227 build/config/stm32wlxx_hal_uart.o
 .debug_str     0x00006c65      0xb13 build/config/stm32wlxx_hal_uart_ex.o
 .debug_str     0x00006c65      0x345 build/config/system_stm32wlxx.o
 .debug_str     0x00006c65      0x1c7 build/config/sysmem.o
 .debug_str     0x00006c65      0x39b build/config/syscalls.o
 .debug_str     0x00006c65       0x42 build/config/startup_stm32wle5xx.o

.comment        0x00000000       0x45
 .comment       0x00000000       0x45 build/config/init.o
                                 0x46 (size before relaxing)
 .comment       0x00000045       0x46 build/config/main.o
 .comment       0x00000045       0x46 build/config/stm32wlxx_it.o
 .comment       0x00000045       0x46 build/config/stm32wlxx_hal_msp.o
 .comment       0x00000045       0x46 build/config/stm32wlxx_hal_rcc.o
 .comment       0x00000045       0x46 build/config/stm32wlxx_hal_rcc_ex.o
 .comment       0x00000045       0x46 build/config/stm32wlxx_hal_gpio.o
 .comment       0x00000045       0x46 build/config/stm32wlxx_hal_pwr.o
 .comment       0x00000045       0x46 build/config/stm32wlxx_hal_pwr_ex.o
 .comment       0x00000045       0x46 build/config/stm32wlxx_hal_cortex.o
 .comment       0x00000045       0x46 build/config/stm32wlxx_hal.o
 .comment       0x00000045       0x46 build/config/stm32wlxx_hal_spi.o
 .comment       0x00000045       0x46 build/config/stm32wlxx_hal_subghz.o
 .comment       0x00000045       0x46 build/config/stm32wlxx_hal_tim.o
 .comment       0x00000045       0x46 build/config/stm32wlxx_hal_tim_ex.o
 .comment       0x00000045       0x46 build/config/stm32wlxx_hal_uart.o
 .comment       0x00000045       0x46 build/config/stm32wlxx_hal_uart_ex.o
 .comment       0x00000045       0x46 build/config/system_stm32wlxx.o
 .comment       0x00000045       0x46 build/config/sysmem.o
 .comment       0x00000045       0x46 build/config/syscalls.o

.debug_frame    0x00000000     0x3a9c
 .debug_frame   0x00000000       0xe0 build/config/init.o
 .debug_frame   0x000000e0       0x40 build/config/main.o
 .debug_frame   0x00000120       0xa8 build/config/stm32wlxx_it.o
 .debug_frame   0x000001c8      0x104 build/config/stm32wlxx_hal_msp.o
 .debug_frame   0x000002cc      0x1e8 build/config/stm32wlxx_hal_rcc.o
 .debug_frame   0x000004b4      0x12c build/config/stm32wlxx_hal_rcc_ex.o
 .debug_frame   0x000005e0       0xd8 build/config/stm32wlxx_hal_gpio.o
 .debug_frame   0x000006b8      0x120 build/config/stm32wlxx_hal_pwr.o
 .debug_frame   0x000007d8      0x268 build/config/stm32wlxx_hal_pwr_ex.o
 .debug_frame   0x00000a40      0x204 build/config/stm32wlxx_hal_cortex.o
 .debug_frame   0x00000c44      0x25c build/config/stm32wlxx_hal.o
 .debug_frame   0x00000ea0      0x69c build/config/stm32wlxx_hal_spi.o
 .debug_frame   0x0000153c      0x2e8 build/config/stm32wlxx_hal_subghz.o
 .debug_frame   0x00001824      0xb48 build/config/stm32wlxx_hal_tim.o
 .debug_frame   0x0000236c      0x4c0 build/config/stm32wlxx_hal_tim_ex.o
 .debug_frame   0x0000282c      0x67c build/config/stm32wlxx_hal_uart.o
 .debug_frame   0x00002ea8      0x1d8 build/config/stm32wlxx_hal_uart_ex.o
 .debug_frame   0x00003080       0x30 build/config/system_stm32wlxx.o
 .debug_frame   0x000030b0       0x28 build/config/sysmem.o
 .debug_frame   0x000030d8      0x190 build/config/syscalls.o
 .debug_frame   0x00003268       0x20 /usr/share/arm-gnu-toolchain-13.3.rel1-x86_64-arm-none-eabi/bin/../lib/gcc/arm-none-eabi/13.3.1/../../../../arm-none-eabi/lib/thumb/v7e-m/nofp/libc_nano.a(libc_a-errno.o)
 .debug_frame   0x00003288       0x2c /usr/share/arm-gnu-toolchain-13.3.rel1-x86_64-arm-none-eabi/bin/../lib/gcc/arm-none-eabi/13.3.1/../../../../arm-none-eabi/lib/thumb/v7e-m/nofp/libc_nano.a(libc_a-init.o)
 .debug_frame   0x000032b4       0x6c /usr/share/arm-gnu-toolchain-13.3.rel1-x86_64-arm-none-eabi/bin/../lib/gcc/arm-none-eabi/13.3.1/../../../../arm-none-eabi/lib/thumb/v7e-m/nofp/libc_nano.a(libc_a-printf.o)
 .debug_frame   0x00003320       0xa8 /usr/share/arm-gnu-toolchain-13.3.rel1-x86_64-arm-none-eabi/bin/../lib/gcc/arm-none-eabi/13.3.1/../../../../arm-none-eabi/lib/thumb/v7e-m/nofp/libc_nano.a(libc_a-nano-vfprintf.o)
 .debug_frame   0x000033c8       0x20 /usr/share/arm-gnu-toolchain-13.3.rel1-x86_64-arm-none-eabi/bin/../lib/gcc/arm-none-eabi/13.3.1/../../../../arm-none-eabi/lib/thumb/v7e-m/nofp/libc_nano.a(libc_a-memset.o)
 .debug_frame   0x000033e8       0x2c /usr/share/arm-gnu-toolchain-13.3.rel1-x86_64-arm-none-eabi/bin/../lib/gcc/arm-none-eabi/13.3.1/../../../../arm-none-eabi/lib/thumb/v7e-m/nofp/libc_nano.a(libc_a-wsetup.o)
 .debug_frame   0x00003414       0xb0 /usr/share/arm-gnu-toolchain-13.3.rel1-x86_64-arm-none-eabi/bin/../lib/gcc/arm-none-eabi/13.3.1/../../../../arm-none-eabi/lib/thumb/v7e-m/nofp/libc_nano.a(libc_a-lock.o)
 .debug_frame   0x000034c4       0x60 /usr/share/arm-gnu-toolchain-13.3.rel1-x86_64-arm-none-eabi/bin/../lib/gcc/arm-none-eabi/13.3.1/../../../../arm-none-eabi/lib/thumb/v7e-m/nofp/libc_nano.a(libc_a-nano-vfprintf_i.o)
 .debug_frame   0x00003524      0x144 /usr/share/arm-gnu-toolchain-13.3.rel1-x86_64-arm-none-eabi/bin/../lib/gcc/arm-none-eabi/13.3.1/../../../../arm-none-eabi/lib/thumb/v7e-m/nofp/libc_nano.a(libc_a-findfp.o)
 .debug_frame   0x00003668       0x88 /usr/share/arm-gnu-toolchain-13.3.rel1-x86_64-arm-none-eabi/bin/../lib/gcc/arm-none-eabi/13.3.1/../../../../arm-none-eabi/lib/thumb/v7e-m/nofp/libc_nano.a(libc_a-stdio.o)
 .debug_frame   0x000036f0       0x2c /usr/share/arm-gnu-toolchain-13.3.rel1-x86_64-arm-none-eabi/bin/../lib/gcc/arm-none-eabi/13.3.1/../../../../arm-none-eabi/lib/thumb/v7e-m/nofp/libc_nano.a(libc_a-lseekr.o)
 .debug_frame   0x0000371c       0x2c /usr/share/arm-gnu-toolchain-13.3.rel1-x86_64-arm-none-eabi/bin/../lib/gcc/arm-none-eabi/13.3.1/../../../../arm-none-eabi/lib/thumb/v7e-m/nofp/libc_nano.a(libc_a-readr.o)
 .debug_frame   0x00003748       0x34 /usr/share/arm-gnu-toolchain-13.3.rel1-x86_64-arm-none-eabi/bin/../lib/gcc/arm-none-eabi/13.3.1/../../../../arm-none-eabi/lib/thumb/v7e-m/nofp/libc_nano.a(libc_a-fwalk.o)
 .debug_frame   0x0000377c       0x40 /usr/share/arm-gnu-toolchain-13.3.rel1-x86_64-arm-none-eabi/bin/../lib/gcc/arm-none-eabi/13.3.1/../../../../arm-none-eabi/lib/thumb/v7e-m/nofp/libc_nano.a(libc_a-wbuf.o)
 .debug_frame   0x000037bc       0x38 /usr/share/arm-gnu-toolchain-13.3.rel1-x86_64-arm-none-eabi/bin/../lib/gcc/arm-none-eabi/13.3.1/../../../../arm-none-eabi/lib/thumb/v7e-m/nofp/libc_nano.a(libc_a-freer.o)
 .debug_frame   0x000037f4       0x2c /usr/share/arm-gnu-toolchain-13.3.rel1-x86_64-arm-none-eabi/bin/../lib/gcc/arm-none-eabi/13.3.1/../../../../arm-none-eabi/lib/thumb/v7e-m/nofp/libc_nano.a(libc_a-writer.o)
 .debug_frame   0x00003820       0x58 /usr/share/arm-gnu-toolchain-13.3.rel1-x86_64-arm-none-eabi/bin/../lib/gcc/arm-none-eabi/13.3.1/../../../../arm-none-eabi/lib/thumb/v7e-m/nofp/libc_nano.a(libc_a-makebuf.o)
 .debug_frame   0x00003878       0x5c /usr/share/arm-gnu-toolchain-13.3.rel1-x86_64-arm-none-eabi/bin/../lib/gcc/arm-none-eabi/13.3.1/../../../../arm-none-eabi/lib/thumb/v7e-m/nofp/libc_nano.a(libc_a-fflush.o)
 .debug_frame   0x000038d4       0x50 /usr/share/arm-gnu-toolchain-13.3.rel1-x86_64-arm-none-eabi/bin/../lib/gcc/arm-none-eabi/13.3.1/../../../../arm-none-eabi/lib/thumb/v7e-m/nofp/libc_nano.a(libc_a-mallocr.o)
 .debug_frame   0x00003924       0x2c /usr/share/arm-gnu-toolchain-13.3.rel1-x86_64-arm-none-eabi/bin/../lib/gcc/arm-none-eabi/13.3.1/../../../../arm-none-eabi/lib/thumb/v7e-m/nofp/libc_nano.a(libc_a-closer.o)
 .debug_frame   0x00003950       0x38 /usr/share/arm-gnu-toolchain-13.3.rel1-x86_64-arm-none-eabi/bin/../lib/gcc/arm-none-eabi/13.3.1/../../../../arm-none-eabi/lib/thumb/v7e-m/nofp/libc_nano.a(libc_a-reent.o)
 .debug_frame   0x00003988       0x2c /usr/share/arm-gnu-toolchain-13.3.rel1-x86_64-arm-none-eabi/bin/../lib/gcc/arm-none-eabi/13.3.1/../../../../arm-none-eabi/lib/thumb/v7e-m/nofp/libc_nano.a(libc_a-fstatr.o)
 .debug_frame   0x000039b4       0x30 /usr/share/arm-gnu-toolchain-13.3.rel1-x86_64-arm-none-eabi/bin/../lib/gcc/arm-none-eabi/13.3.1/../../../../arm-none-eabi/lib/thumb/v7e-m/nofp/libc_nano.a(libc_a-mlock.o)
 .debug_frame   0x000039e4       0x2c /usr/share/arm-gnu-toolchain-13.3.rel1-x86_64-arm-none-eabi/bin/../lib/gcc/arm-none-eabi/13.3.1/../../../../arm-none-eabi/lib/thumb/v7e-m/nofp/libc_nano.a(libc_a-isattyr.o)
 .debug_frame   0x00003a10       0x2c /usr/share/arm-gnu-toolchain-13.3.rel1-x86_64-arm-none-eabi/bin/../lib/gcc/arm-none-eabi/13.3.1/../../../../arm-none-eabi/lib/thumb/v7e-m/nofp/libc_nano.a(libc_a-sbrkr.o)
 .debug_frame   0x00003a3c       0x2c /usr/share/arm-gnu-toolchain-13.3.rel1-x86_64-arm-none-eabi/bin/../lib/gcc/arm-none-eabi/13.3.1/thumb/v7e-m/nofp/libgcc.a(_aeabi_uldivmod.o)
 .debug_frame   0x00003a68       0x34 /usr/share/arm-gnu-toolchain-13.3.rel1-x86_64-arm-none-eabi/bin/../lib/gcc/arm-none-eabi/13.3.1/thumb/v7e-m/nofp/libgcc.a(_udivmoddi4.o)

.debug_line_str
                0x00000000      0x1a2
 .debug_line_str
                0x00000000      0x1a2 /usr/share/arm-gnu-toolchain-13.3.rel1-x86_64-arm-none-eabi/bin/../lib/gcc/arm-none-eabi/13.3.1/../../../../arm-none-eabi/lib/thumb/v7e-m/nofp/libc_nano.a(libc_a-memchr.o)
                                 0xd7 (size before relaxing)
 .debug_line_str
                0x000001a2       0xbf /usr/share/arm-gnu-toolchain-13.3.rel1-x86_64-arm-none-eabi/bin/../lib/gcc/arm-none-eabi/13.3.1/thumb/v7e-m/nofp/libgcc.a(_aeabi_uldivmod.o)
 .debug_line_str
                0x000001a2       0xc3 /usr/share/arm-gnu-toolchain-13.3.rel1-x86_64-arm-none-eabi/bin/../lib/gcc/arm-none-eabi/13.3.1/thumb/v7e-m/nofp/libgcc.a(_dvmd_tls.o)

Cross Reference Table

Symbol                                            File
ADC_IRQHandler                                    build/config/startup_stm32wle5xx.o
AES_IRQHandler                                    build/config/startup_stm32wle5xx.o
AHBPrescTable                                     build/config/system_stm32wlxx.o
                                                  build/config/stm32wlxx_hal_rcc_ex.o
                                                  build/config/stm32wlxx_hal_rcc.o
APBPrescTable                                     build/config/system_stm32wlxx.o
                                                  build/config/stm32wlxx_hal_rcc_ex.o
                                                  build/config/stm32wlxx_hal_rcc.o
BusFault_Handler                                  build/config/stm32wlxx_it.o
COMP_IRQHandler                                   build/config/startup_stm32wle5xx.o
DAC_IRQHandler                                    build/config/startup_stm32wle5xx.o
DMA1_Channel1_IRQHandler                          build/config/startup_stm32wle5xx.o
DMA1_Channel2_IRQHandler                          build/config/startup_stm32wle5xx.o
DMA1_Channel3_IRQHandler                          build/config/startup_stm32wle5xx.o
DMA1_Channel4_IRQHandler                          build/config/startup_stm32wle5xx.o
DMA1_Channel5_IRQHandler                          build/config/startup_stm32wle5xx.o
DMA1_Channel6_IRQHandler                          build/config/startup_stm32wle5xx.o
DMA1_Channel7_IRQHandler                          build/config/startup_stm32wle5xx.o
DMA2_Channel1_IRQHandler                          build/config/startup_stm32wle5xx.o
DMA2_Channel2_IRQHandler                          build/config/startup_stm32wle5xx.o
DMA2_Channel3_IRQHandler                          build/config/startup_stm32wle5xx.o
DMA2_Channel4_IRQHandler                          build/config/startup_stm32wle5xx.o
DMA2_Channel5_IRQHandler                          build/config/startup_stm32wle5xx.o
DMA2_Channel6_IRQHandler                          build/config/startup_stm32wle5xx.o
DMA2_Channel7_IRQHandler                          build/config/startup_stm32wle5xx.o
DMAMUX1_OVR_IRQHandler                            build/config/startup_stm32wle5xx.o
DebugMon_Handler                                  build/config/stm32wlxx_it.o
Default_Handler                                   build/config/startup_stm32wle5xx.o
EXTI0_IRQHandler                                  build/config/startup_stm32wle5xx.o
EXTI15_10_IRQHandler                              build/config/startup_stm32wle5xx.o
EXTI1_IRQHandler                                  build/config/startup_stm32wle5xx.o
EXTI2_IRQHandler                                  build/config/startup_stm32wle5xx.o
EXTI3_IRQHandler                                  build/config/startup_stm32wle5xx.o
EXTI4_IRQHandler                                  build/config/startup_stm32wle5xx.o
EXTI9_5_IRQHandler                                build/config/startup_stm32wle5xx.o
Error_Handler                                     build/config/init.o
                                                  build/config/stm32wlxx_hal_msp.o
FLASH_IRQHandler                                  build/config/startup_stm32wle5xx.o
FLASH_PageErase                                   build/config/stm32wlxx_hal_flash_ex.o
                                                  build/config/stm32wlxx_hal_flash.o
FLASH_WaitForLastOperation                        build/config/stm32wlxx_hal_flash.o
                                                  build/config/stm32wlxx_hal_flash_ex.o
HAL_DBGMCU_DisableDBGSleepMode                    build/config/stm32wlxx_hal.o
HAL_DBGMCU_DisableDBGStandbyMode                  build/config/stm32wlxx_hal.o
HAL_DBGMCU_DisableDBGStopMode                     build/config/stm32wlxx_hal.o
HAL_DBGMCU_EnableDBGSleepMode                     build/config/stm32wlxx_hal.o
HAL_DBGMCU_EnableDBGStandbyMode                   build/config/stm32wlxx_hal.o
HAL_DBGMCU_EnableDBGStopMode                      build/config/stm32wlxx_hal.o
HAL_DMAEx_ConfigMuxRequestGenerator               build/config/stm32wlxx_hal_dma_ex.o
HAL_DMAEx_ConfigMuxSync                           build/config/stm32wlxx_hal_dma_ex.o
HAL_DMAEx_DisableMuxRequestGenerator              build/config/stm32wlxx_hal_dma_ex.o
HAL_DMAEx_EnableMuxRequestGenerator               build/config/stm32wlxx_hal_dma_ex.o
HAL_DMAEx_MUX_IRQHandler                          build/config/stm32wlxx_hal_dma_ex.o
HAL_DMA_Abort                                     build/config/stm32wlxx_hal_dma.o
                                                  build/config/stm32wlxx_hal_uart.o
                                                  build/config/stm32wlxx_hal_spi.o
HAL_DMA_Abort_IT                                  build/config/stm32wlxx_hal_dma.o
                                                  build/config/stm32wlxx_hal_uart.o
                                                  build/config/stm32wlxx_hal_tim_ex.o
                                                  build/config/stm32wlxx_hal_tim.o
                                                  build/config/stm32wlxx_hal_spi.o
HAL_DMA_DeInit                                    build/config/stm32wlxx_hal_dma.o
HAL_DMA_GetError                                  build/config/stm32wlxx_hal_dma.o
                                                  build/config/stm32wlxx_hal_uart.o
HAL_DMA_GetState                                  build/config/stm32wlxx_hal_dma.o
HAL_DMA_IRQHandler                                build/config/stm32wlxx_hal_dma.o
HAL_DMA_Init                                      build/config/stm32wlxx_hal_dma.o
HAL_DMA_PollForTransfer                           build/config/stm32wlxx_hal_dma.o
HAL_DMA_RegisterCallback                          build/config/stm32wlxx_hal_dma.o
HAL_DMA_Start                                     build/config/stm32wlxx_hal_dma.o
HAL_DMA_Start_IT                                  build/config/stm32wlxx_hal_dma.o
                                                  build/config/stm32wlxx_hal_uart.o
                                                  build/config/stm32wlxx_hal_tim_ex.o
                                                  build/config/stm32wlxx_hal_tim.o
                                                  build/config/stm32wlxx_hal_spi.o
HAL_DMA_UnRegisterCallback                        build/config/stm32wlxx_hal_dma.o
HAL_DeInit                                        build/config/stm32wlxx_hal.o
HAL_Delay                                         build/config/stm32wlxx_hal.o
                                                  build/config/main.o
HAL_EXTI_ClearConfigLine                          build/config/stm32wlxx_hal_exti.o
HAL_EXTI_ClearPending                             build/config/stm32wlxx_hal_exti.o
HAL_EXTI_GenerateSWI                              build/config/stm32wlxx_hal_exti.o
HAL_EXTI_GetConfigLine                            build/config/stm32wlxx_hal_exti.o
HAL_EXTI_GetHandle                                build/config/stm32wlxx_hal_exti.o
HAL_EXTI_GetPending                               build/config/stm32wlxx_hal_exti.o
HAL_EXTI_IRQHandler                               build/config/stm32wlxx_hal_exti.o
HAL_EXTI_RegisterCallback                         build/config/stm32wlxx_hal_exti.o
HAL_EXTI_SetConfigLine                            build/config/stm32wlxx_hal_exti.o
HAL_FLASHEx_AllowOperation                        build/config/stm32wlxx_hal_flash_ex.o
HAL_FLASHEx_Erase                                 build/config/stm32wlxx_hal_flash_ex.o
HAL_FLASHEx_Erase_IT                              build/config/stm32wlxx_hal_flash_ex.o
HAL_FLASHEx_FlashEmptyCheck                       build/config/stm32wlxx_hal_flash_ex.o
HAL_FLASHEx_ForceFlashEmpty                       build/config/stm32wlxx_hal_flash_ex.o
HAL_FLASHEx_IsOperationSuspended                  build/config/stm32wlxx_hal_flash_ex.o
HAL_FLASHEx_OBGetConfig                           build/config/stm32wlxx_hal_flash_ex.o
HAL_FLASHEx_OBProgram                             build/config/stm32wlxx_hal_flash_ex.o
HAL_FLASHEx_SuspendOperation                      build/config/stm32wlxx_hal_flash_ex.o
HAL_FLASH_EndOfOperationCallback                  build/config/stm32wlxx_hal_flash.o
HAL_FLASH_GetError                                build/config/stm32wlxx_hal_flash.o
HAL_FLASH_IRQHandler                              build/config/stm32wlxx_hal_flash.o
HAL_FLASH_Lock                                    build/config/stm32wlxx_hal_flash.o
HAL_FLASH_OB_Launch                               build/config/stm32wlxx_hal_flash.o
HAL_FLASH_OB_Lock                                 build/config/stm32wlxx_hal_flash.o
HAL_FLASH_OB_Unlock                               build/config/stm32wlxx_hal_flash.o
HAL_FLASH_OperationErrorCallback                  build/config/stm32wlxx_hal_flash.o
HAL_FLASH_Program                                 build/config/stm32wlxx_hal_flash.o
HAL_FLASH_Program_IT                              build/config/stm32wlxx_hal_flash.o
HAL_FLASH_Unlock                                  build/config/stm32wlxx_hal_flash.o
HAL_GPIO_DeInit                                   build/config/stm32wlxx_hal_gpio.o
                                                  build/config/stm32wlxx_hal_msp.o
HAL_GPIO_EXTI_Callback                            build/config/stm32wlxx_hal_gpio.o
HAL_GPIO_EXTI_IRQHandler                          build/config/stm32wlxx_hal_gpio.o
HAL_GPIO_Init                                     build/config/stm32wlxx_hal_gpio.o
                                                  build/config/stm32wlxx_hal_rcc.o
                                                  build/config/stm32wlxx_hal_msp.o
                                                  build/config/init.o
HAL_GPIO_LockPin                                  build/config/stm32wlxx_hal_gpio.o
HAL_GPIO_ReadPin                                  build/config/stm32wlxx_hal_gpio.o
HAL_GPIO_TogglePin                                build/config/stm32wlxx_hal_gpio.o
HAL_GPIO_WriteMultipleStatePin                    build/config/stm32wlxx_hal_gpio.o
HAL_GPIO_WritePin                                 build/config/stm32wlxx_hal_gpio.o
                                                  build/config/main.o
                                                  build/config/init.o
HAL_GetDEVID                                      build/config/stm32wlxx_hal.o
HAL_GetHalVersion                                 build/config/stm32wlxx_hal.o
HAL_GetREVID                                      build/config/stm32wlxx_hal.o
HAL_GetTick                                       build/config/stm32wlxx_hal.o
                                                  build/config/stm32wlxx_hal_uart_ex.o
                                                  build/config/stm32wlxx_hal_uart.o
                                                  build/config/stm32wlxx_hal_tim_ex.o
                                                  build/config/stm32wlxx_hal_spi.o
                                                  build/config/stm32wlxx_hal_dma.o
                                                  build/config/stm32wlxx_hal_flash.o
                                                  build/config/stm32wlxx_hal_rcc_ex.o
                                                  build/config/stm32wlxx_hal_rcc.o
HAL_GetTickFreq                                   build/config/stm32wlxx_hal.o
HAL_GetTickPrio                                   build/config/stm32wlxx_hal.o
HAL_GetUIDw0                                      build/config/stm32wlxx_hal.o
HAL_GetUIDw1                                      build/config/stm32wlxx_hal.o
HAL_GetUIDw2                                      build/config/stm32wlxx_hal.o
HAL_HalfDuplex_EnableReceiver                     build/config/stm32wlxx_hal_uart.o
HAL_HalfDuplex_EnableTransmitter                  build/config/stm32wlxx_hal_uart.o
HAL_HalfDuplex_Init                               build/config/stm32wlxx_hal_uart.o
HAL_IncTick                                       build/config/stm32wlxx_hal.o
                                                  build/config/stm32wlxx_it.o
HAL_Init                                          build/config/stm32wlxx_hal.o
                                                  build/config/init.o
HAL_InitTick                                      build/config/stm32wlxx_hal.o
                                                  build/config/stm32wlxx_hal_rcc.o
HAL_LIN_Init                                      build/config/stm32wlxx_hal_uart.o
HAL_LIN_SendBreak                                 build/config/stm32wlxx_hal_uart.o
HAL_MPU_ConfigRegion                              build/config/stm32wlxx_hal_cortex.o
HAL_MPU_Disable                                   build/config/stm32wlxx_hal_cortex.o
HAL_MPU_DisableRegion                             build/config/stm32wlxx_hal_cortex.o
HAL_MPU_Enable                                    build/config/stm32wlxx_hal_cortex.o
HAL_MPU_EnableRegion                              build/config/stm32wlxx_hal_cortex.o
HAL_MspDeInit                                     build/config/stm32wlxx_hal.o
HAL_MspInit                                       build/config/stm32wlxx_hal_msp.o
HAL_MultiProcessorEx_AddressLength_Set            build/config/stm32wlxx_hal_uart_ex.o
HAL_MultiProcessor_DisableMuteMode                build/config/stm32wlxx_hal_uart.o
HAL_MultiProcessor_EnableMuteMode                 build/config/stm32wlxx_hal_uart.o
HAL_MultiProcessor_EnterMuteMode                  build/config/stm32wlxx_hal_uart.o
HAL_MultiProcessor_Init                           build/config/stm32wlxx_hal_uart.o
HAL_NVIC_ClearPendingIRQ                          build/config/stm32wlxx_hal_cortex.o
HAL_NVIC_DisableIRQ                               build/config/stm32wlxx_hal_cortex.o
HAL_NVIC_EnableIRQ                                build/config/stm32wlxx_hal_cortex.o
HAL_NVIC_GetActive                                build/config/stm32wlxx_hal_cortex.o
HAL_NVIC_GetPendingIRQ                            build/config/stm32wlxx_hal_cortex.o
HAL_NVIC_GetPriority                              build/config/stm32wlxx_hal_cortex.o
HAL_NVIC_GetPriorityGrouping                      build/config/stm32wlxx_hal_cortex.o
HAL_NVIC_SetPendingIRQ                            build/config/stm32wlxx_hal_cortex.o
HAL_NVIC_SetPriority                              build/config/stm32wlxx_hal_cortex.o
                                                  build/config/stm32wlxx_hal.o
HAL_NVIC_SetPriorityGrouping                      build/config/stm32wlxx_hal_cortex.o
                                                  build/config/stm32wlxx_hal.o
HAL_NVIC_SystemReset                              build/config/stm32wlxx_hal_cortex.o
HAL_PWREx_ConfigPVM                               build/config/stm32wlxx_hal_pwr_ex.o
HAL_PWREx_ControlVoltageScaling                   build/config/stm32wlxx_hal_pwr_ex.o
HAL_PWREx_DisableBORPVD_ULP                       build/config/stm32wlxx_hal_pwr_ex.o
HAL_PWREx_DisableBatteryCharging                  build/config/stm32wlxx_hal_pwr_ex.o
HAL_PWREx_DisableFlashPowerDown                   build/config/stm32wlxx_hal_pwr_ex.o
HAL_PWREx_DisableGPIOPullDown                     build/config/stm32wlxx_hal_pwr_ex.o
HAL_PWREx_DisableGPIOPullUp                       build/config/stm32wlxx_hal_pwr_ex.o
HAL_PWREx_DisableInternalWakeUpLine               build/config/stm32wlxx_hal_pwr_ex.o